Archive member included because of file (symbol)

C:\Users\kuang\git\libsccc\lib\libsccc-d-vcan-fx15dev.a(startup-d-vcan-fx15dev.o)
                              (__thumb_startup)
C:\Users\kuang\git\libsccc\lib\libsccc-d-vcan-fx15dev.a(system-d-vcan-fx15dev.o)
                              C:\Users\kuang\git\libsccc\lib\libsccc-d-vcan-fx15dev.a(startup-d-vcan-fx15dev.o) (SystemInit)
C:\Users\kuang\git\libsccc\lib\libsccc-d-vcan-fx15dev.a(fpu-d-vcan-fx15dev.o)
                              C:\Users\kuang\git\libsccc\lib\libsccc-d-vcan-fx15dev.a(system-d-vcan-fx15dev.o) (LibbaseK60FpuInit)
C:\Users\kuang\git\libsccc\lib\libsccc-d-vcan-fx15dev.a(mcg-d-vcan-fx15dev.o)
                              obj/main-d-vcan-fx15dev.o (libbase::k60::Mcg::Config::Config())
C:\Users\kuang\git\libsccc\lib\libsccc-d-vcan-fx15dev.a(watchdog-d-vcan-fx15dev.o)
                              C:\Users\kuang\git\libsccc\lib\libsccc-d-vcan-fx15dev.a(startup-d-vcan-fx15dev.o) (LibbaseK60WatchdogInit)
C:\Users\kuang\git\libsccc\lib\libsccc-d-vcan-fx15dev.a(led-d-vcan-fx15dev.o)
                              obj/main-d-vcan-fx15dev.o (libsc::Led::Led(libsc::Led::Config const&))
C:\Users\kuang\git\libsccc\lib\libsccc-d-vcan-fx15dev.a(system-d-vcan-fx15dev.o)
                              obj/main-d-vcan-fx15dev.o (libsc::System::Init())
C:\Users\kuang\git\libsccc\lib\libsccc-d-vcan-fx15dev.a(assert-d-vcan-fx15dev.o)
                              C:\Users\kuang\git\libsccc\lib\libsccc-d-vcan-fx15dev.a(mcg-d-vcan-fx15dev.o) (__assert_func)
C:\Users\kuang\git\libsccc\lib\libsccc-d-vcan-fx15dev.a(syscall-d-vcan-fx15dev.o)
                              C:\Users\kuang\git\libsccc\lib\libsccc-d-vcan-fx15dev.a(startup-d-vcan-fx15dev.o) (KeepSyscallSymbols)
C:\Users\kuang\git\libsccc\lib\libsccc-d-vcan-fx15dev.a(vectors-d-vcan-fx15dev.o)
                              C:\Users\kuang\git\libsccc\lib\libsccc-d-vcan-fx15dev.a(system-d-vcan-fx15dev.o) (InitVectorTable)
C:\Users\kuang\git\libsccc\lib\libsccc-d-vcan-fx15dev.a(cache-d-vcan-fx15dev.o)
                              C:\Users\kuang\git\libsccc\lib\libsccc-d-vcan-fx15dev.a(system-d-vcan-fx15dev.o) (libbase::k60::Cache::Cache())
C:\Users\kuang\git\libsccc\lib\libsccc-d-vcan-fx15dev.a(dwt-d-vcan-fx15dev.o)
                              C:\Users\kuang\git\libsccc\lib\libsccc-d-vcan-fx15dev.a(system-d-vcan-fx15dev.o) (libbase::k60::Dwt::DelayUs(unsigned short))
C:\Users\kuang\git\libsccc\lib\libsccc-d-vcan-fx15dev.a(gpio-d-vcan-fx15dev.o)
                              C:\Users\kuang\git\libsccc\lib\libsccc-d-vcan-fx15dev.a(led-d-vcan-fx15dev.o) (libbase::k60::Gpo::Set(bool))
C:\Users\kuang\git\libsccc\lib\libsccc-d-vcan-fx15dev.a(pin-d-vcan-fx15dev.o)
                              C:\Users\kuang\git\libsccc\lib\libsccc-d-vcan-fx15dev.a(gpio-d-vcan-fx15dev.o) (libbase::k60::Pin::Pin(libbase::k60::Pin::Config const&))
C:\Users\kuang\git\libsccc\lib\libsccc-d-vcan-fx15dev.a(pin_isr_manager-d-vcan-fx15dev.o)
                              C:\Users\kuang\git\libsccc\lib\libsccc-d-vcan-fx15dev.a(gpio-d-vcan-fx15dev.o) (libbase::k60::PinIsrManager::GetInstance())
C:\Users\kuang\git\libsccc\lib\libsccc-d-vcan-fx15dev.a(sim-d-vcan-fx15dev.o)
                              C:\Users\kuang\git\libsccc\lib\libsccc-d-vcan-fx15dev.a(pin-d-vcan-fx15dev.o) (libbase::k60::Sim::SetEnableClockGate(libbase::k60::Sim::ClockGate, bool))
C:\Users\kuang\git\libsccc\lib\libsccc-d-vcan-fx15dev.a(sys_tick_timer-d-vcan-fx15dev.o)
                              C:\Users\kuang\git\libsccc\lib\libsccc-d-vcan-fx15dev.a(system-d-vcan-fx15dev.o) (libsc::SysTickTimer::SysTickTimer())
C:\Users\kuang\git\libsccc\lib\libsccc-d-vcan-fx15dev.a(endian_utils-d-vcan-fx15dev.o)
                              C:\Users\kuang\git\libsccc\lib\libsccc-d-vcan-fx15dev.a(sim-d-vcan-fx15dev.o) (libutil::EndianUtils::IsBigEndian())
C:\Users\kuang\git\libsccc\lib\libsccc-d-vcan-fx15dev.a(string-d-vcan-fx15dev.o)
                              C:\Users\kuang\git\libsccc\lib\libsccc-d-vcan-fx15dev.a(sim-d-vcan-fx15dev.o) (libutil::String::Format(char const*, ...))
C:\Users\kuang\git\libsccc\lib\libsccc-d-vcan-fx15dev.a(mk60f15_lqfp144-d-vcan-fx15dev.o)
                              C:\Users\kuang\git\libsccc\lib\libsccc-d-vcan-fx15dev.a(pin-d-vcan-fx15dev.o) (libbase::k60::Mk60f15Lqfp144::Mk60f15Lqfp144())
C:\Users\kuang\git\libsccc\lib\libsccc-d-vcan-fx15dev.a(clock_utils-d-vcan-fx15dev.o)
                              C:\Users\kuang\git\libsccc\lib\libsccc-d-vcan-fx15dev.a(sys_tick_timer-d-vcan-fx15dev.o) (libbase::k60::ClockUtils::GetCoreClockKhz())
C:\Users\kuang\git\libsccc\lib\libsccc-d-vcan-fx15dev.a(sys_tick-d-vcan-fx15dev.o)
                              C:\Users\kuang\git\libsccc\lib\libsccc-d-vcan-fx15dev.a(sys_tick_timer-d-vcan-fx15dev.o) (libbase::k60::SysTick::SysTick(libbase::k60::SysTick::Config const&))
[...]
Memory Configuration

Name             Origin             Length             Attributes
m_interrupts     0x00000000         0x000001e8         xr
m_text           0x00000410         0x0007fbf0         xr
m_data           0x1fff0000         0x00010000         rw
m_data_20000000  0x20000000         0x00010000         rw
m_cfmprotrom     0x00000400         0x00000010         xr
*default*        0x00000000         0xffffffff

Linker script and memory map

LOAD c:/program files (x86)/gnu tools arm embedded/4.8 2014q3/bin/../lib/gcc/arm-none-eabi/4.8.4/armv7e-m/fpu/crti.o
LOAD c:/program files (x86)/gnu tools arm embedded/4.8 2014q3/bin/../lib/gcc/arm-none-eabi/4.8.4/armv7e-m/fpu/crtbegin.o
LOAD c:/program files (x86)/gnu tools arm embedded/4.8 2014q3/bin/../lib/gcc/arm-none-eabi/4.8.4/../../../../arm-none-eabi/lib/armv7e-m/fpu/crt0.o
LOAD obj/main-d-vcan-fx15dev.o
LOAD C:\Users\kuang\git\libsccc\lib\libsccc-d-vcan-fx15dev.a
LOAD c:/program files (x86)/gnu tools arm embedded/4.8 2014q3/bin/../lib/gcc/arm-none-eabi/4.8.4/../../../../arm-none-eabi/lib/armv7e-m/fpu\libstdc++_s.a
LOAD c:/program files (x86)/gnu tools arm embedded/4.8 2014q3/bin/../lib/gcc/arm-none-eabi/4.8.4/../../../../arm-none-eabi/lib/armv7e-m/fpu\libm.a
START GROUP
LOAD c:/program files (x86)/gnu tools arm embedded/4.8 2014q3/bin/../lib/gcc/arm-none-eabi/4.8.4/armv7e-m/fpu\libgcc.a
LOAD c:/program files (x86)/gnu tools arm embedded/4.8 2014q3/bin/../lib/gcc/arm-none-eabi/4.8.4/../../../../arm-none-eabi/lib/armv7e-m/fpu\libc_s.a
END GROUP
START GROUP
LOAD c:/program files (x86)/gnu tools arm embedded/4.8 2014q3/bin/../lib/gcc/arm-none-eabi/4.8.4/armv7e-m/fpu\libgcc.a
LOAD c:/program files (x86)/gnu tools arm embedded/4.8 2014q3/bin/../lib/gcc/arm-none-eabi/4.8.4/../../../../arm-none-eabi/lib/armv7e-m/fpu\libc_s.a
END GROUP
LOAD c:/program files (x86)/gnu tools arm embedded/4.8 2014q3/bin/../lib/gcc/arm-none-eabi/4.8.4/armv7e-m/fpu/crtend.o
LOAD c:/program files (x86)/gnu tools arm embedded/4.8 2014q3/bin/../lib/gcc/arm-none-eabi/4.8.4/armv7e-m/fpu/crtn.o
                0x20000000                _estack = 0x20000000
                0x20000000                __SP_INIT = _estack
                0x00009000                __heap_size = 0x9000
                0x00001000                __stack_size = 0x1000

.interrupts     0x00000000      0x1e8
                0x00000000                __vector_table = .
                0x00000000                . = ALIGN (0x4)
 *(.vectortable)
 .vectortable   0x00000000      0x1e8 C:\Users\kuang\git\libsccc\lib\libsccc-d-vcan-fx15dev.a(vectors-d-vcan-fx15dev.o)
                0x00000000                __vect_table
                0x000001e8                . = ALIGN (0x4)

.cfmprotect     0x00000400       0x10
                0x00000400                . = ALIGN (0x4)
 *(.cfmconfig)
 .cfmconfig     0x00000400       0x10 C:\Users\kuang\git\libsccc\lib\libsccc-d-vcan-fx15dev.a(system-d-vcan-fx15dev.o)
                0x00000400                _cfm
                0x00000410                . = ALIGN (0x4)

.text           0x00000410     0xdf8c
                0x00000410                . = ALIGN (0x4)
 *(.text)
 .text          0x00000410       0x54 c:/program files (x86)/gnu tools arm embedded/4.8 2014q3/bin/../lib/gcc/arm-none-eabi/4.8.4/armv7e-m/fpu/crtbegin.o
 .text          0x00000464     0x5784 c:/program files (x86)/gnu tools arm embedded/4.8 2014q3/bin/../lib/gcc/arm-none-eabi/4.8.4/../../../../arm-none-eabi/lib/armv7e-m/fpu\libstdc++_s.a(cp-demangle.o)
                0x00005b08                __cxa_demangle
                0x00005bcc                __gcclibcxx_demangle_callback
 .text          0x00005be8       0x14 c:/program files (x86)/gnu tools arm embedded/4.8 2014q3/bin/../lib/gcc/arm-none-eabi/4.8.4/../../../../arm-none-eabi/lib/armv7e-m/fpu\libc_s.a(lib_a-strcmp.o)
                0x00005be8                strcmp
 .text          0x00005bfc      0x370 c:/program files (x86)/gnu tools arm embedded/4.8 2014q3/bin/../lib/gcc/arm-none-eabi/4.8.4/armv7e-m/fpu\libgcc.a(_arm_addsubdf3.o)
                0x00005bfc                __aeabi_drsub
                0x00005c04                __aeabi_dsub
                0x00005c04                __subdf3
                0x00005c08                __aeabi_dadd
                0x00005c08                __adddf3
                0x00005e80                __floatunsidf
                0x00005e80                __aeabi_ui2d
                0x00005ea0                __floatsidf
                0x00005ea0                __aeabi_i2d
                0x00005ec4                __aeabi_f2d
                0x00005ec4                __extendsfdf2
                0x00005f00                __floatundidf
                0x00005f00                __aeabi_ul2d
                0x00005f10                __floatdidf
                0x00005f10                __aeabi_l2d
 .text          0x00005f6c      0x424 c:/program files (x86)/gnu tools arm embedded/4.8 2014q3/bin/../lib/gcc/arm-none-eabi/4.8.4/armv7e-m/fpu\libgcc.a(_arm_muldivdf3.o)
                0x00005f6c                __aeabi_dmul
                0x00005f6c                __muldf3
                0x000061c0                __divdf3
                0x000061c0                __aeabi_ddiv
 .text          0x00006390      0x110 c:/program files (x86)/gnu tools arm embedded/4.8 2014q3/bin/../lib/gcc/arm-none-eabi/4.8.4/armv7e-m/fpu\libgcc.a(_arm_cmpdf2.o)
                0x00006390                __gtdf2
                0x00006390                __gedf2
                0x00006398                __ltdf2
                0x00006398                __ledf2
                0x000063a0                __nedf2
                0x000063a0                __eqdf2
                0x000063a0                __cmpdf2
                0x0000641c                __aeabi_cdrcmple
                0x0000642c                __aeabi_cdcmpeq
                0x0000642c                __aeabi_cdcmple
                0x0000643c                __aeabi_dcmpeq
                0x00006450                __aeabi_dcmplt
                0x00006464                __aeabi_dcmple
                0x00006478                __aeabi_dcmpge
                0x0000648c                __aeabi_dcmpgt
 .text          0x000064a0       0x50 c:/program files (x86)/gnu tools arm embedded/4.8 2014q3/bin/../lib/gcc/arm-none-eabi/4.8.4/armv7e-m/fpu\libgcc.a(_arm_fixdfsi.o)
                0x000064a0                __aeabi_d2iz
                0x000064a0                __fixdfsi
 *(.text*)
 .text._ZN7libbase3k603Mcg12GetMcgConfigEv
                0x000064f0       0x2c obj/main-d-vcan-fx15dev.o
                0x000064f0                libbase::k60::Mcg::GetMcgConfig()
 .text.main     0x0000651c       0x2c obj/main-d-vcan-fx15dev.o
                0x0000651c                main
 .text.__flush_cache
                0x00006548       0x14 C:\Users\kuang\git\libsccc\lib\libsccc-d-vcan-fx15dev.a(startup-d-vcan-fx15dev.o)
 .text.__copy_rom_section
                0x0000655c       0xc0 C:\Users\kuang\git\libsccc\lib\libsccc-d-vcan-fx15dev.a(startup-d-vcan-fx15dev.o)
 .text.__copy_rom_sections_to_ram
                0x0000661c       0xd0 C:\Users\kuang\git\libsccc\lib\libsccc-d-vcan-fx15dev.a(startup-d-vcan-fx15dev.o)
 .text.zero_fill_bss
                0x000066ec       0x98 C:\Users\kuang\git\libsccc\lib\libsccc-d-vcan-fx15dev.a(startup-d-vcan-fx15dev.o)
 .text.__thumb_startup
                0x00006784       0x48 C:\Users\kuang\git\libsccc\lib\libsccc-d-vcan-fx15dev.a(startup-d-vcan-fx15dev.o)
                0x00006784                __thumb_startup
 .text.SystemInit
                0x000067cc       0x18 C:\Users\kuang\git\libsccc\lib\libsccc-d-vcan-fx15dev.a(system-d-vcan-fx15dev.o)
                0x000067cc                SystemInit
 .text._ZN7libbase3k603Fpu3GetEv
                0x000067e4       0x40 C:\Users\kuang\git\libsccc\lib\libsccc-d-vcan-fx15dev.a(fpu-d-vcan-fx15dev.o)
                0x000067e4                libbase::k60::Fpu::Get()
 .text._ZN7libbase3k603FpuC2Ev
                0x00006824       0x18 C:\Users\kuang\git\libsccc\lib\libsccc-d-vcan-fx15dev.a(fpu-d-vcan-fx15dev.o)
                0x00006824                libbase::k60::Fpu::Fpu()
                0x00006824                libbase::k60::Fpu::Fpu()
 .text._ZN7libbase3k603Fpu4InitEv
                0x0000683c       0x44 C:\Users\kuang\git\libsccc\lib\libsccc-d-vcan-fx15dev.a(fpu-d-vcan-fx15dev.o)
                0x0000683c                libbase::k60::Fpu::Init()
 .text._ZN7libbase3k603Fpu9InitFpccrERKNS1_6ConfigE
                0x00006880       0x60 C:\Users\kuang\git\libsccc\lib\libsccc-d-vcan-fx15dev.a(fpu-d-vcan-fx15dev.o)
                0x00006880                libbase::k60::Fpu::InitFpccr(libbase::k60::Fpu::Config const&)
 .text._ZN7libbase3k603Fpu10InitFpdscrERKNS1_6ConfigE
                0x000068e0       0x54 C:\Users\kuang\git\libsccc\lib\libsccc-d-vcan-fx15dev.a(fpu-d-vcan-fx15dev.o)
                0x000068e0                libbase::k60::Fpu::InitFpdscr(libbase::k60::Fpu::Config const&)
 .text._ZN7libbase3k603Fpu6ConfigC2Ev
                0x00006934       0x28 C:\Users\kuang\git\libsccc\lib\libsccc-d-vcan-fx15dev.a(fpu-d-vcan-fx15dev.o)
                0x00006934                libbase::k60::Fpu::Config::Config()
                0x00006934                libbase::k60::Fpu::Config::Config()
 .text._ZN7libbase3k603Fpu12GetFpuConfigEv
                0x0000695c       0x28 C:\Users\kuang\git\libsccc\lib\libsccc-d-vcan-fx15dev.a(fpu-d-vcan-fx15dev.o)
                0x0000695c                libbase::k60::Fpu::GetFpuConfig()
 .text.LibbaseK60FpuInit
                0x00006984       0x14 C:\Users\kuang\git\libsccc\lib\libsccc-d-vcan-fx15dev.a(fpu-d-vcan-fx15dev.o)
                0x00006984                LibbaseK60FpuInit
 .text._ZN7libbase3k603Mcg3GetEv
                0x00006998       0x40 C:\Users\kuang\git\libsccc\lib\libsccc-d-vcan-fx15dev.a(mcg-d-vcan-fx15dev.o)
                0x00006998                libbase::k60::Mcg::Get()
 .text._ZN7libbase3k603Mcg12GetCoreClockEv
                0x000069d8       0x18 C:\Users\kuang\git\libsccc\lib\libsccc-d-vcan-fx15dev.a(mcg-d-vcan-fx15dev.o)
                0x000069d8                libbase::k60::Mcg::GetCoreClock()
 .text._ZN7libbase3k6012_GLOBAL__N_112GetFreqRangeEm
                0x000069f0       0x50 C:\Users\kuang\git\libsccc\lib\libsccc-d-vcan-fx15dev.a(mcg-d-vcan-fx15dev.o)
 .text._ZNK7libbase3k6012_GLOBAL__N_114FllDividerCalc8GetFrdivEv
                0x00006a40       0x18 C:\Users\kuang\git\libsccc\lib\libsccc-d-vcan-fx15dev.a(mcg-d-vcan-fx15dev.o)
 .text._ZN7libbase3k6012_GLOBAL__N_114FllDividerCalc4CalcEm
                0x00006a58       0xe8 C:\Users\kuang\git\libsccc\lib\libsccc-d-vcan-fx15dev.a(mcg-d-vcan-fx15dev.o)
 .text._ZNK7libbase3k6012_GLOBAL__N_114PllDividerCalc8GetPrdivEv
                0x00006b40       0x18 C:\Users\kuang\git\libsccc\lib\libsccc-d-vcan-fx15dev.a(mcg-d-vcan-fx15dev.o)
 .text._ZNK7libbase3k6012_GLOBAL__N_114PllDividerCalc7GetVdivEv
                0x00006b58       0x18 C:\Users\kuang\git\libsccc\lib\libsccc-d-vcan-fx15dev.a(mcg-d-vcan-fx15dev.o)
 .text._ZNK7libbase3k6012_GLOBAL__N_114PllDividerCalc12GetCoreClockEv
                0x00006b70       0x18 C:\Users\kuang\git\libsccc\lib\libsccc-d-vcan-fx15dev.a(mcg-d-vcan-fx15dev.o)
 .text._ZN7libbase3k6012_GLOBAL__N_114PllDividerCalc4CalcEmm
                0x00006b88       0xdc C:\Users\kuang\git\libsccc\lib\libsccc-d-vcan-fx15dev.a(mcg-d-vcan-fx15dev.o)
 .text._ZN7libbase3k603Mcg6ConfigC2Ev
                0x00006c64       0x40 C:\Users\kuang\git\libsccc\lib\libsccc-d-vcan-fx15dev.a(mcg-d-vcan-fx15dev.o)
                0x00006c64                libbase::k60::Mcg::Config::Config()
                0x00006c64                libbase::k60::Mcg::Config::Config()
 .text._ZN7libbase3k603McgC2Ev
                0x00006ca4       0x1c C:\Users\kuang\git\libsccc\lib\libsccc-d-vcan-fx15dev.a(mcg-d-vcan-fx15dev.o)
                0x00006ca4                libbase::k60::Mcg::Mcg()
                0x00006ca4                libbase::k60::Mcg::Mcg()
 .text._ZN7libbase3k603Mcg4InitEv
                0x00006cc0       0xc8 C:\Users\kuang\git\libsccc\lib\libsccc-d-vcan-fx15dev.a(mcg-d-vcan-fx15dev.o)
                0x00006cc0                libbase::k60::Mcg::Init()
 .text._ZN7libbase3k603Mcg7InitFbeERKNS1_6ConfigE
                0x00006d88       0xe0 C:\Users\kuang\git\libsccc\lib\libsccc-d-vcan-fx15dev.a(mcg-d-vcan-fx15dev.o)
                0x00006d88                libbase::k60::Mcg::InitFbe(libbase::k60::Mcg::Config const&)
 .text._ZN7libbase3k603Mcg7InitPbeERKNS1_6ConfigEh
                0x00006e68       0x90 C:\Users\kuang\git\libsccc\lib\libsccc-d-vcan-fx15dev.a(mcg-d-vcan-fx15dev.o)
                0x00006e68                libbase::k60::Mcg::InitPbe(libbase::k60::Mcg::Config const&, unsigned char)
 .text._ZN7libbase3k603Mcg7InitPeeERKNS1_6ConfigE
                0x00006ef8       0x44 C:\Users\kuang\git\libsccc\lib\libsccc-d-vcan-fx15dev.a(mcg-d-vcan-fx15dev.o)
                0x00006ef8                libbase::k60::Mcg::InitPee(libbase::k60::Mcg::Config const&)
 .text._ZN7libbase3k603Mcg10InitClocksERKNS1_6ConfigEm
                0x00006f3c      0x1c8 C:\Users\kuang\git\libsccc\lib\libsccc-d-vcan-fx15dev.a(mcg-d-vcan-fx15dev.o)
                0x00006f3c                libbase::k60::Mcg::InitClocks(libbase::k60::Mcg::Config const&, unsigned long)
 .text.LibbaseK60McgInit
                0x00007104       0x14 C:\Users\kuang\git\libsccc\lib\libsccc-d-vcan-fx15dev.a(mcg-d-vcan-fx15dev.o)
                0x00007104                LibbaseK60McgInit
 .text._ZSt3minImERKT_S2_S2_
                0x00007118       0x28 C:\Users\kuang\git\libsccc\lib\libsccc-d-vcan-fx15dev.a(mcg-d-vcan-fx15dev.o)
                0x00007118                unsigned long const& std::min<unsigned long>(unsigned long const&, unsigned long const&)
 .text._ZN7libbase3k6012_GLOBAL__N_16UnlockEv
                0x00007140       0x24 C:\Users\kuang\git\libsccc\lib\libsccc-d-vcan-fx15dev.a(watchdog-d-vcan-fx15dev.o)
 .text._ZN7libbase3k608Watchdog4InitEv
                0x00007164       0x34 C:\Users\kuang\git\libsccc\lib\libsccc-d-vcan-fx15dev.a(watchdog-d-vcan-fx15dev.o)
                0x00007164                libbase::k60::Watchdog::Init()
 .text._ZN7libbase3k608Watchdog13InitStctrlRegERKNS1_6ConfigE
                0x00007198       0x68 C:\Users\kuang\git\libsccc\lib\libsccc-d-vcan-fx15dev.a(watchdog-d-vcan-fx15dev.o)
                0x00007198                libbase::k60::Watchdog::InitStctrlReg(libbase::k60::Watchdog::Config const&)
 .text._ZN7libbase3k608Watchdog14InitTimeOutRegERKNS1_6ConfigE
                0x00007200       0x48 C:\Users\kuang\git\libsccc\lib\libsccc-d-vcan-fx15dev.a(watchdog-d-vcan-fx15dev.o)
                0x00007200                libbase::k60::Watchdog::InitTimeOutReg(libbase::k60::Watchdog::Config const&)
 .text._ZN7libbase3k608Watchdog12InitPrescRegEv
                0x00007248       0x18 C:\Users\kuang\git\libsccc\lib\libsccc-d-vcan-fx15dev.a(watchdog-d-vcan-fx15dev.o)
                0x00007248                libbase::k60::Watchdog::InitPrescReg()
 .text._ZN7libbase3k608Watchdog6ConfigC2Ev
                0x00007260       0x24 C:\Users\kuang\git\libsccc\lib\libsccc-d-vcan-fx15dev.a(watchdog-d-vcan-fx15dev.o)
                0x00007260                libbase::k60::Watchdog::Config::Config()
                0x00007260                libbase::k60::Watchdog::Config::Config()
 .text._ZN7libbase3k608Watchdog17GetWatchdogConfigEv
                0x00007284       0x24 C:\Users\kuang\git\libsccc\lib\libsccc-d-vcan-fx15dev.a(watchdog-d-vcan-fx15dev.o)
                0x00007284                libbase::k60::Watchdog::GetWatchdogConfig()
 .text.LibbaseK60WatchdogInit
                0x000072a8        0xc C:\Users\kuang\git\libsccc\lib\libsccc-d-vcan-fx15dev.a(watchdog-d-vcan-fx15dev.o)
                0x000072a8                LibbaseK60WatchdogInit
 .text.LibbaseK60WatchdogIsr
                0x000072b4       0x28 C:\Users\kuang\git\libsccc\lib\libsccc-d-vcan-fx15dev.a(watchdog-d-vcan-fx15dev.o)
                0x000072b4                LibbaseK60WatchdogIsr
 .text._ZN5libsc12_GLOBAL__N_16GetPinEh
                0x000072dc       0x58 C:\Users\kuang\git\libsccc\lib\libsccc-d-vcan-fx15dev.a(led-d-vcan-fx15dev.o)
 .text._ZN7libbase3k603Gpo6ConfigC2Ev
                0x00007334       0x24 C:\Users\kuang\git\libsccc\lib\libsccc-d-vcan-fx15dev.a(led-d-vcan-fx15dev.o)
                0x00007334                libbase::k60::Gpo::Config::Config()
                0x00007334                libbase::k60::Gpo::Config::Config()
 .text._ZN5libsc12_GLOBAL__N_112GetGpoConfigERKNS_3Led6ConfigE
                0x00007358       0x34 C:\Users\kuang\git\libsccc\lib\libsccc-d-vcan-fx15dev.a(led-d-vcan-fx15dev.o)
 .text._ZN5libsc3LedC2ERKNS0_6ConfigE
                0x0000738c       0x38 C:\Users\kuang\git\libsccc\lib\libsccc-d-vcan-fx15dev.a(led-d-vcan-fx15dev.o)
                0x0000738c                libsc::Led::Led(libsc::Led::Config const&)
                0x0000738c                libsc::Led::Led(libsc::Led::Config const&)
 .text._ZN5libsc3Led9SetEnableEb
                0x000073c4       0x2c C:\Users\kuang\git\libsccc\lib\libsccc-d-vcan-fx15dev.a(led-d-vcan-fx15dev.o)
                0x000073c4                libsc::Led::SetEnable(bool)
 .text._ZN7libbase3k605Cache3GetEv
                0x000073f0       0x40 C:\Users\kuang\git\libsccc\lib\libsccc-d-vcan-fx15dev.a(system-d-vcan-fx15dev.o)
                0x000073f0                libbase::k60::Cache::Get()
 .text._ZN5libsc5DelayD2Ev
                0x00007430       0x28 C:\Users\kuang\git\libsccc\lib\libsccc-d-vcan-fx15dev.a(system-d-vcan-fx15dev.o)
                0x00007430                libsc::Delay::~Delay()
                0x00007430                libsc::Delay::~Delay()
 .text._ZN5libsc5DelayD0Ev
                0x00007458       0x20 C:\Users\kuang\git\libsccc\lib\libsccc-d-vcan-fx15dev.a(system-d-vcan-fx15dev.o)
                0x00007458                libsc::Delay::~Delay()
 .text._ZN5libsc5Delay7DelayMsEt
                0x00007478       0x38 C:\Users\kuang\git\libsccc\lib\libsccc-d-vcan-fx15dev.a(system-d-vcan-fx15dev.o)
                0x00007478                libsc::Delay::DelayMs(unsigned short)
 .text._ZN5libsc5Delay6DelaySEt
                0x000074b0       0x38 C:\Users\kuang\git\libsccc\lib\libsccc-d-vcan-fx15dev.a(system-d-vcan-fx15dev.o)
                0x000074b0                libsc::Delay::DelayS(unsigned short)
 .text._ZN5libsc3k608DwtDelay7DelayUsEt
                0x000074e8       0x1c C:\Users\kuang\git\libsccc\lib\libsccc-d-vcan-fx15dev.a(system-d-vcan-fx15dev.o)
                0x000074e8                libsc::k60::DwtDelay::DelayUs(unsigned short)
 .text._ZN5libsc12SysTickTimer4TimeEv
                0x00007504       0x18 C:\Users\kuang\git\libsccc\lib\libsccc-d-vcan-fx15dev.a(system-d-vcan-fx15dev.o)
                0x00007504                libsc::SysTickTimer::Time()
 .text._ZN5libsc6System4ImplC2Ev
                0x0000751c       0x3c C:\Users\kuang\git\libsccc\lib\libsccc-d-vcan-fx15dev.a(system-d-vcan-fx15dev.o)
                0x0000751c                libsc::System::Impl::Impl()
                0x0000751c                libsc::System::Impl::Impl()
 .text._ZN5libsc6System4InitEv
                0x00007558       0x24 C:\Users\kuang\git\libsccc\lib\libsccc-d-vcan-fx15dev.a(system-d-vcan-fx15dev.o)
                0x00007558                libsc::System::Init()
 .text._ZN5libsc3k608DwtDelayD2Ev
                0x0000757c       0x30 C:\Users\kuang\git\libsccc\lib\libsccc-d-vcan-fx15dev.a(system-d-vcan-fx15dev.o)
                0x0000757c                libsc::k60::DwtDelay::~DwtDelay()
                0x0000757c                libsc::k60::DwtDelay::~DwtDelay()
 .text._ZN5libsc3k608DwtDelayD0Ev
                0x000075ac       0x20 C:\Users\kuang\git\libsccc\lib\libsccc-d-vcan-fx15dev.a(system-d-vcan-fx15dev.o)
                0x000075ac                libsc::k60::DwtDelay::~DwtDelay()
 .text.__assert_func
                0x000075cc       0x48 C:\Users\kuang\git\libsccc\lib\libsccc-d-vcan-fx15dev.a(assert-d-vcan-fx15dev.o)
                0x000075cc                __assert_func
 .text._exit    0x00007614        0xc C:\Users\kuang\git\libsccc\lib\libsccc-d-vcan-fx15dev.a(syscall-d-vcan-fx15dev.o)
                0x00007614                _exit
 .text._open    0x00007620       0x1c C:\Users\kuang\git\libsccc\lib\libsccc-d-vcan-fx15dev.a(syscall-d-vcan-fx15dev.o)
                0x00007620                _open
 .text._fstat   0x0000763c       0x20 C:\Users\kuang\git\libsccc\lib\libsccc-d-vcan-fx15dev.a(syscall-d-vcan-fx15dev.o)
                0x0000763c                _fstat
 .text._isatty  0x0000765c       0x18 C:\Users\kuang\git\libsccc\lib\libsccc-d-vcan-fx15dev.a(syscall-d-vcan-fx15dev.o)
                0x0000765c                _isatty
 .text._lseek   0x00007674       0x1c C:\Users\kuang\git\libsccc\lib\libsccc-d-vcan-fx15dev.a(syscall-d-vcan-fx15dev.o)
                0x00007674                _lseek
 .text._read    0x00007690       0x1c C:\Users\kuang\git\libsccc\lib\libsccc-d-vcan-fx15dev.a(syscall-d-vcan-fx15dev.o)
                0x00007690                _read
 .text._write   0x000076ac       0x34 C:\Users\kuang\git\libsccc\lib\libsccc-d-vcan-fx15dev.a(syscall-d-vcan-fx15dev.o)
                0x000076ac                _write
 .text._close   0x000076e0       0x18 C:\Users\kuang\git\libsccc\lib\libsccc-d-vcan-fx15dev.a(syscall-d-vcan-fx15dev.o)
                0x000076e0                _close
 .text._link    0x000076f8       0x1c C:\Users\kuang\git\libsccc\lib\libsccc-d-vcan-fx15dev.a(syscall-d-vcan-fx15dev.o)
                0x000076f8                _link
 .text._unlink  0x00007714       0x18 C:\Users\kuang\git\libsccc\lib\libsccc-d-vcan-fx15dev.a(syscall-d-vcan-fx15dev.o)
                0x00007714                _unlink
 .text._sbrk    0x0000772c       0x68 C:\Users\kuang\git\libsccc\lib\libsccc-d-vcan-fx15dev.a(syscall-d-vcan-fx15dev.o)
                0x0000772c                _sbrk
 .text._getpid  0x00007794       0x10 C:\Users\kuang\git\libsccc\lib\libsccc-d-vcan-fx15dev.a(syscall-d-vcan-fx15dev.o)
                0x00007794                _getpid
 .text._kill    0x000077a4       0x24 C:\Users\kuang\git\libsccc\lib\libsccc-d-vcan-fx15dev.a(syscall-d-vcan-fx15dev.o)
                0x000077a4                _kill
 .text.KeepSyscallSymbols
                0x000077c8       0x84 C:\Users\kuang\git\libsccc\lib\libsccc-d-vcan-fx15dev.a(syscall-d-vcan-fx15dev.o)
                0x000077c8                KeepSyscallSymbols
 .text.NVIC_EnableIRQ
                0x0000784c       0x30 C:\Users\kuang\git\libsccc\lib\libsccc-d-vcan-fx15dev.a(vectors-d-vcan-fx15dev.o)
 .text.NVIC_SetPriority
                0x0000787c       0x54 C:\Users\kuang\git\libsccc\lib\libsccc-d-vcan-fx15dev.a(vectors-d-vcan-fx15dev.o)
 .text.InitVectorTable
                0x000078d0       0x70 C:\Users\kuang\git\libsccc\lib\libsccc-d-vcan-fx15dev.a(vectors-d-vcan-fx15dev.o)
                0x000078d0                InitVectorTable
 .text.InitIrqPriority
                0x00007940       0x2c C:\Users\kuang\git\libsccc\lib\libsccc-d-vcan-fx15dev.a(vectors-d-vcan-fx15dev.o)
                0x00007940                InitIrqPriority
 .text.SetIsr   0x0000796c       0x38 C:\Users\kuang\git\libsccc\lib\libsccc-d-vcan-fx15dev.a(vectors-d-vcan-fx15dev.o)
                0x0000796c                SetIsr
 .text.EnableIrq
                0x000079a4       0x1c C:\Users\kuang\git\libsccc\lib\libsccc-d-vcan-fx15dev.a(vectors-d-vcan-fx15dev.o)
                0x000079a4                EnableIrq
 .text.DefaultIsr
                0x000079c0       0x30 C:\Users\kuang\git\libsccc\lib\libsccc-d-vcan-fx15dev.a(vectors-d-vcan-fx15dev.o)
                0x000079c0                DefaultIsr
 .text.HardFaultHandlerAsm
                0x000079f0       0x1c C:\Users\kuang\git\libsccc\lib\libsccc-d-vcan-fx15dev.a(vectors-d-vcan-fx15dev.o)
                0x000079f0                HardFaultHandlerAsm
 .text.HardFaultHandlerC
                0x00007a0c       0x90 C:\Users\kuang\git\libsccc\lib\libsccc-d-vcan-fx15dev.a(vectors-d-vcan-fx15dev.o)
                0x00007a0c                HardFaultHandlerC
 .text._ZN7libbase3k605CacheC2Ev
                0x00007a9c       0x1c C:\Users\kuang\git\libsccc\lib\libsccc-d-vcan-fx15dev.a(cache-d-vcan-fx15dev.o)
                0x00007a9c                libbase::k60::Cache::Cache()
                0x00007a9c                libbase::k60::Cache::Cache()
 .text._ZN7libbase3k605Cache4InitERKNS1_6ConfigE
                0x00007ab8       0x4c C:\Users\kuang\git\libsccc\lib\libsccc-d-vcan-fx15dev.a(cache-d-vcan-fx15dev.o)
                0x00007ab8                libbase::k60::Cache::Init(libbase::k60::Cache::Config const&)
 .text._ZN7libbase3k605Cache6InitPcEv
                0x00007b04       0x50 C:\Users\kuang\git\libsccc\lib\libsccc-d-vcan-fx15dev.a(cache-d-vcan-fx15dev.o)
                0x00007b04                libbase::k60::Cache::InitPc()
 .text._ZN7libbase3k605Cache6InitPsEv
                0x00007b54       0x58 C:\Users\kuang\git\libsccc\lib\libsccc-d-vcan-fx15dev.a(cache-d-vcan-fx15dev.o)
                0x00007b54                libbase::k60::Cache::InitPs()
 .text._ZN7libbase3k6010ClockUtils16GetCoreTickPerUsEv
                0x00007bac       0x10 C:\Users\kuang\git\libsccc\lib\libsccc-d-vcan-fx15dev.a(dwt-d-vcan-fx15dev.o)
                0x00007bac                libbase::k60::ClockUtils::GetCoreTickPerUs()
 .text._ZN7libbase3k6010ClockUtils16GetCoreTickPerUsEj
                0x00007bbc       0x1c C:\Users\kuang\git\libsccc\lib\libsccc-d-vcan-fx15dev.a(dwt-d-vcan-fx15dev.o)
                0x00007bbc                libbase::k60::ClockUtils::GetCoreTickPerUs(unsigned int)
 .text._ZN7libbase3k603Dwt7DelayUsEt
                0x00007bd8       0xb4 C:\Users\kuang\git\libsccc\lib\libsccc-d-vcan-fx15dev.a(dwt-d-vcan-fx15dev.o)
                0x00007bd8                libbase::k60::Dwt::DelayUs(unsigned short)
 .text._ZNSt12_Base_bitsetILj1EEC2Ey
                0x00007c8c       0x20 C:\Users\kuang\git\libsccc\lib\libsccc-d-vcan-fx15dev.a(gpio-d-vcan-fx15dev.o)
                0x00007c8c                std::_Base_bitset<1u>::_Base_bitset(unsigned long long)
                0x00007c8c                std::_Base_bitset<1u>::_Base_bitset(unsigned long long)
 .text._ZNSt9_Any_data9_M_accessEv
                0x00007cac       0x18 C:\Users\kuang\git\libsccc\lib\libsccc-d-vcan-fx15dev.a(gpio-d-vcan-fx15dev.o)
                0x00007cac                std::_Any_data::_M_access()
 .text._ZNKSt9_Any_data9_M_accessEv
                0x00007cc4       0x18 C:\Users\kuang\git\libsccc\lib\libsccc-d-vcan-fx15dev.a(gpio-d-vcan-fx15dev.o)
                0x00007cc4                std::_Any_data::_M_access() const
 .text._ZNSt14_Function_baseC2Ev
                0x00007cdc       0x1c C:\Users\kuang\git\libsccc\lib\libsccc-d-vcan-fx15dev.a(gpio-d-vcan-fx15dev.o)
                0x00007cdc                std::_Function_base::_Function_base()
                0x00007cdc                std::_Function_base::_Function_base()
 .text._ZNSt14_Function_baseD2Ev
                0x00007cf8       0x2c C:\Users\kuang\git\libsccc\lib\libsccc-d-vcan-fx15dev.a(gpio-d-vcan-fx15dev.o)
                0x00007cf8                std::_Function_base::~_Function_base()
                0x00007cf8                std::_Function_base::~_Function_base()
 .text._ZNKSt14_Function_base8_M_emptyEv
                0x00007d24       0x24 C:\Users\kuang\git\libsccc\lib\libsccc-d-vcan-fx15dev.a(gpio-d-vcan-fx15dev.o)
                0x00007d24                std::_Function_base::_M_empty() const
 .text._ZNSt13_Sanitize_valILj6ELb1EE18_S_do_sanitize_valEy
                0x00007d48       0x2c C:\Users\kuang\git\libsccc\lib\libsccc-d-vcan-fx15dev.a(gpio-d-vcan-fx15dev.o)
                0x00007d48                std::_Sanitize_val<6u, true>::_S_do_sanitize_val(unsigned long long)
 .text._ZNSt6bitsetILj6EEC1Ey
                0x00007d74       0x2c C:\Users\kuang\git\libsccc\lib\libsccc-d-vcan-fx15dev.a(gpio-d-vcan-fx15dev.o)
                0x00007d74                std::bitset<6u>::bitset(unsigned long long)
 .text._ZNK7libbase3k603PincvbEv
                0x00007da0       0x24 C:\Users\kuang\git\libsccc\lib\libsccc-d-vcan-fx15dev.a(gpio-d-vcan-fx15dev.o)
                0x00007da0                libbase::k60::Pin::operator bool() const
 .text._ZNK7libbase3k603Pin7GetNameEv
                0x00007dc4       0x18 C:\Users\kuang\git\libsccc\lib\libsccc-d-vcan-fx15dev.a(gpio-d-vcan-fx15dev.o)
                0x00007dc4                libbase::k60::Pin::GetName() const
 .text._ZNK7libbase3k603GpocvbEv
                0x00007ddc       0x1c C:\Users\kuang\git\libsccc\lib\libsccc-d-vcan-fx15dev.a(gpio-d-vcan-fx15dev.o)
                0x00007ddc                libbase::k60::Gpo::operator bool() const
 .text._ZN7libbase3k6014Mk60f15Lqfp14415GetPortPinCountEv
                0x00007df8       0x10 C:\Users\kuang\git\libsccc\lib\libsccc-d-vcan-fx15dev.a(gpio-d-vcan-fx15dev.o)
                0x00007df8                libbase::k60::Mk60f15Lqfp144::GetPortPinCount()
 .text._ZN7libbase3k608PinUtils7GetPortENS0_3Pin4NameE
                0x00007e08       0x1c C:\Users\kuang\git\libsccc\lib\libsccc-d-vcan-fx15dev.a(gpio-d-vcan-fx15dev.o)
                0x00007e08                libbase::k60::PinUtils::GetPort(libbase::k60::Pin::Name)
 .text._ZN7libbase3k608PinUtils12GetPinNumberENS0_3Pin4NameE
                0x00007e24       0x24 C:\Users\kuang\git\libsccc\lib\libsccc-d-vcan-fx15dev.a(gpio-d-vcan-fx15dev.o)
                0x00007e24                libbase::k60::PinUtils::GetPinNumber(libbase::k60::Pin::Name)
 .text._ZN7libbase3k603Pin6ConfigC2Ev
                0x00007e48       0x2c C:\Users\kuang\git\libsccc\lib\libsccc-d-vcan-fx15dev.a(gpio-d-vcan-fx15dev.o)
                0x00007e48                libbase::k60::Pin::Config::Config()
                0x00007e48                libbase::k60::Pin::Config::Config()
 .text._ZN7libbase3k6012_GLOBAL__N_112GetPinConfigERKNS0_3Gpo6ConfigE
                0x00007e74       0x30 C:\Users\kuang\git\libsccc\lib\libsccc-d-vcan-fx15dev.a(gpio-d-vcan-fx15dev.o)
 .text._ZN7libbase3k603GpoC2ERKNS1_6ConfigE
                0x00007ea4       0x78 C:\Users\kuang\git\libsccc\lib\libsccc-d-vcan-fx15dev.a(gpio-d-vcan-fx15dev.o)
                0x00007ea4                libbase::k60::Gpo::Gpo(libbase::k60::Gpo::Config const&)
                0x00007ea4                libbase::k60::Gpo::Gpo(libbase::k60::Gpo::Config const&)
 .text._ZN7libbase3k603Gpo3SetEb
                0x00007f1c       0xb0 C:\Users\kuang\git\libsccc\lib\libsccc-d-vcan-fx15dev.a(gpio-d-vcan-fx15dev.o)
                0x00007f1c                libbase::k60::Gpo::Set(bool)
 .text._ZSt4moveIRSt9_Any_dataEONSt16remove_referenceIT_E4typeEOS3_
                0x00007fcc       0x18 C:\Users\kuang\git\libsccc\lib\libsccc-d-vcan-fx15dev.a(gpio-d-vcan-fx15dev.o)
                0x00007fcc                std::remove_reference<std::_Any_data&>::type&& std::move<std::_Any_data&>(std::_Any_data&)
 .text._ZSt4swapISt9_Any_dataEvRT_S2_
                0x00007fe4       0x4c C:\Users\kuang\git\libsccc\lib\libsccc-d-vcan-fx15dev.a(gpio-d-vcan-fx15dev.o)
                0x00007fe4                void std::swap<std::_Any_data>(std::_Any_data&, std::_Any_data&)
 .text._ZSt4moveIRPFbRSt9_Any_dataRKS0_St18_Manager_operationEEONSt16remove_referenceIT_E4typeEOS9_
                0x00008030       0x18 C:\Users\kuang\git\libsccc\lib\libsccc-d-vcan-fx15dev.a(gpio-d-vcan-fx15dev.o)
                0x00008030                std::remove_reference<bool (*&)(std::_Any_data&, std::_Any_data const&, std::_Manager_operation)>::type&& std::move<bool (*&)(std::_Any_data&, std::_Any_data const&, std::_Manager_operation)>(bool (*&)(std::_Any_data&, std::_Any_data const&, std::_Manager_operation))
 .text._ZSt4swapIPFbRSt9_Any_dataRKS0_St18_Manager_operationEEvRT_S8_
                0x00008048       0x3c C:\Users\kuang\git\libsccc\lib\libsccc-d-vcan-fx15dev.a(gpio-d-vcan-fx15dev.o)
                0x00008048                void std::swap<bool (*)(std::_Any_data&, std::_Any_data const&, std::_Manager_operation)>(bool (*&)(std::_Any_data&, std::_Any_data const&, std::_Manager_operation), bool (*&)(std::_Any_data&, std::_Any_data const&, std::_Manager_operation))
 .text._ZNSt12_Base_bitsetILj1EE11_S_whichbitEj
                0x00008084       0x1c C:\Users\kuang\git\libsccc\lib\libsccc-d-vcan-fx15dev.a(pin-d-vcan-fx15dev.o)
                0x00008084                std::_Base_bitset<1u>::_S_whichbit(unsigned int)
 .text._ZNSt12_Base_bitsetILj1EE10_S_maskbitEj
                0x000080a0       0x20 C:\Users\kuang\git\libsccc\lib\libsccc-d-vcan-fx15dev.a(pin-d-vcan-fx15dev.o)
                0x000080a0                std::_Base_bitset<1u>::_S_maskbit(unsigned int)
 .text._ZNKSt12_Base_bitsetILj1EE10_M_getwordEj
                0x000080c0       0x1c C:\Users\kuang\git\libsccc\lib\libsccc-d-vcan-fx15dev.a(pin-d-vcan-fx15dev.o)
                0x000080c0                std::_Base_bitset<1u>::_M_getword(unsigned int) const
 .text._ZN7libbase3k6014Mk60f15Lqfp1446RegPinENS0_3Pin4NameE
                0x000080dc       0x20 C:\Users\kuang\git\libsccc\lib\libsccc-d-vcan-fx15dev.a(pin-d-vcan-fx15dev.o)
                0x000080dc                libbase::k60::Mk60f15Lqfp144::RegPin(libbase::k60::Pin::Name)
 .text._ZN7libbase3k6014Mk60f15Lqfp1443GetEv
                0x000080fc       0x40 C:\Users\kuang\git\libsccc\lib\libsccc-d-vcan-fx15dev.a(pin-d-vcan-fx15dev.o)
                0x000080fc                libbase::k60::Mk60f15Lqfp144::Get()
 .text._ZN7libbase3k6012_GLOBAL__N_115SetInterruptBitENS0_3Pin6Config9InterruptEPm
                0x0000813c       0xb8 C:\Users\kuang\git\libsccc\lib\libsccc-d-vcan-fx15dev.a(pin-d-vcan-fx15dev.o)
 .text._ZNKSt6bitsetILj6EE15_Unchecked_testEj
                0x000081f4       0x34 C:\Users\kuang\git\libsccc\lib\libsccc-d-vcan-fx15dev.a(pin-d-vcan-fx15dev.o)
                0x000081f4                std::bitset<6u>::_Unchecked_test(unsigned int) const
 .text._ZNKSt6bitsetILj6EEixEj
                0x00008228       0x1c C:\Users\kuang\git\libsccc\lib\libsccc-d-vcan-fx15dev.a(pin-d-vcan-fx15dev.o)
                0x00008228                std::bitset<6u>::operator[](unsigned int) const
 .text._ZN7libbase3k603PinC2ERKNS1_6ConfigE
                0x00008244      0x1d4 C:\Users\kuang\git\libsccc\lib\libsccc-d-vcan-fx15dev.a(pin-d-vcan-fx15dev.o)
                0x00008244                libbase::k60::Pin::Pin(libbase::k60::Pin::Config const&)
                0x00008244                libbase::k60::Pin::Pin(libbase::k60::Pin::Config const&)
 .text._ZN7libutil11EnumAdvanceIN7libbase3k603Sim9ClockGateEjEET_S5_T0_
                0x00008418       0x20 C:\Users\kuang\git\libsccc\lib\libsccc-d-vcan-fx15dev.a(pin-d-vcan-fx15dev.o)
                0x00008418                libbase::k60::Sim::ClockGate libutil::EnumAdvance<libbase::k60::Sim::ClockGate, unsigned int>(libbase::k60::Sim::ClockGate, unsigned int)
 .text._ZN7libutil11EnumAdvanceIN7libbase3k603Sim9ClockGateEEET_S5_i
                0x00008438       0x1c C:\Users\kuang\git\libsccc\lib\libsccc-d-vcan-fx15dev.a(pin-d-vcan-fx15dev.o)
                0x00008438                libbase::k60::Sim::ClockGate libutil::EnumAdvance<libbase::k60::Sim::ClockGate>(libbase::k60::Sim::ClockGate, int)
 .text._ZN7libbase3k6012_GLOBAL__N_115SetClockGateBitERVmjb
                0x00008454       0x48 C:\Users\kuang\git\libsccc\lib\libsccc-d-vcan-fx15dev.a(sim-d-vcan-fx15dev.o)
 .text._ZN7libbase3k603Sim18SetEnableClockGateENS1_9ClockGateEb
                0x0000849c      0x454 C:\Users\kuang\git\libsccc\lib\libsccc-d-vcan-fx15dev.a(sim-d-vcan-fx15dev.o)
                0x0000849c                libbase::k60::Sim::SetEnableClockGate(libbase::k60::Sim::ClockGate, bool)
 .text._ZN7libbase3k6010ClockUtils16GetCoreTickPerMsEv
                0x000088f0       0x10 C:\Users\kuang\git\libsccc\lib\libsccc-d-vcan-fx15dev.a(sys_tick_timer-d-vcan-fx15dev.o)
                0x000088f0                libbase::k60::ClockUtils::GetCoreTickPerMs()
 .text._ZN5libsc5TimerD2Ev
                0x00008900       0x28 C:\Users\kuang\git\libsccc\lib\libsccc-d-vcan-fx15dev.a(sys_tick_timer-d-vcan-fx15dev.o)
                0x00008900                libsc::Timer::~Timer()
                0x00008900                libsc::Timer::~Timer()
 .text._ZN5libsc5TimerD0Ev
                0x00008928       0x20 C:\Users\kuang\git\libsccc\lib\libsccc-d-vcan-fx15dev.a(sys_tick_timer-d-vcan-fx15dev.o)
                0x00008928                libsc::Timer::~Timer()
 .text._ZNSt8functionIFvPN7libbase3k607SysTickEEED2Ev
                0x00008948       0x1c C:\Users\kuang\git\libsccc\lib\libsccc-d-vcan-fx15dev.a(sys_tick_timer-d-vcan-fx15dev.o)
                0x00008948                std::function<void (libbase::k60::SysTick*)>::~function()
                0x00008948                std::function<void (libbase::k60::SysTick*)>::~function()
 .text._ZN7libbase3k607SysTick6ConfigC2Ev
                0x00008964       0x24 C:\Users\kuang\git\libsccc\lib\libsccc-d-vcan-fx15dev.a(sys_tick_timer-d-vcan-fx15dev.o)
                0x00008964                libbase::k60::SysTick::Config::Config()
                0x00008964                libbase::k60::SysTick::Config::Config()
 .text._ZN7libbase3k607SysTick6ConfigD2Ev
                0x00008988       0x1c C:\Users\kuang\git\libsccc\lib\libsccc-d-vcan-fx15dev.a(sys_tick_timer-d-vcan-fx15dev.o)
                0x00008988                libbase::k60::SysTick::Config::~Config()
                0x00008988                libbase::k60::SysTick::Config::~Config()
 .text._ZN5libsc12_GLOBAL__N_116GetSysTickConfigERKSt8functionIFvPN7libbase3k607SysTickEEE
                0x000089a4       0x30 C:\Users\kuang\git\libsccc\lib\libsccc-d-vcan-fx15dev.a(sys_tick_timer-d-vcan-fx15dev.o)
 .text._ZN5libsc5TimerC2Ev
                0x000089d4       0x20 C:\Users\kuang\git\libsccc\lib\libsccc-d-vcan-fx15dev.a(sys_tick_timer-d-vcan-fx15dev.o)
                0x000089d4                libsc::Timer::Timer()
                0x000089d4                libsc::Timer::Timer()
 .text._ZN5libsc12SysTickTimerC2Ev
                0x000089f4       0xac C:\Users\kuang\git\libsccc\lib\libsccc-d-vcan-fx15dev.a(sys_tick_timer-d-vcan-fx15dev.o)
                0x000089f4                libsc::SysTickTimer::SysTickTimer()
                0x000089f4                libsc::SysTickTimer::SysTickTimer()
 .text._ZN5libsc12SysTickTimer6OnTickEPN7libbase3k607SysTickE
                0x00008aa0       0x20 C:\Users\kuang\git\libsccc\lib\libsccc-d-vcan-fx15dev.a(sys_tick_timer-d-vcan-fx15dev.o)
                0x00008aa0                libsc::SysTickTimer::OnTick(libbase::k60::SysTick*)
 .text._ZNSt14unary_functionIPN7libbase3k607SysTickEvEC2Ev
                0x00008ac0       0x18 C:\Users\kuang\git\libsccc\lib\libsccc-d-vcan-fx15dev.a(sys_tick_timer-d-vcan-fx15dev.o)
                0x00008ac0                std::unary_function<libbase::k60::SysTick*, void>::unary_function()
                0x00008ac0                std::unary_function<libbase::k60::SysTick*, void>::unary_function()
 .text._ZNSt31_Maybe_unary_or_binary_functionIvIPN7libbase3k607SysTickEEEC2Ev
                0x00008ad8       0x18 C:\Users\kuang\git\libsccc\lib\libsccc-d-vcan-fx15dev.a(sys_tick_timer-d-vcan-fx15dev.o)
                0x00008ad8                std::_Maybe_unary_or_binary_function<void, libbase::k60::SysTick*>::_Maybe_unary_or_binary_function()
                0x00008ad8                std::_Maybe_unary_or_binary_function<void, libbase::k60::SysTick*>::_Maybe_unary_or_binary_function()
                0x00008ad8                std::_Maybe_unary_or_binary_function<void, libbase::k60::SysTick*>::_Maybe_unary_or_binary_function()
                0x00008ad8                std::_Maybe_unary_or_binary_function<void, libbase::k60::SysTick*>::_Maybe_unary_or_binary_function()
 .text._ZNSt8functionIFvPN7libbase3k607SysTickEEEC2Ev
                0x00008af0       0x20 C:\Users\kuang\git\libsccc\lib\libsccc-d-vcan-fx15dev.a(sys_tick_timer-d-vcan-fx15dev.o)
                0x00008af0                std::function<void (libbase::k60::SysTick*)>::function()
                0x00008af0                std::function<void (libbase::k60::SysTick*)>::function()
 .text._ZNSt8functionIFvPN7libbase3k607SysTickEEEaSERKS5_
                0x00008b10       0x38 C:\Users\kuang\git\libsccc\lib\libsccc-d-vcan-fx15dev.a(sys_tick_timer-d-vcan-fx15dev.o)
                0x00008b10                std::function<void (libbase::k60::SysTick*)>::operator=(std::function<void (libbase::k60::SysTick*)> const&)
 .text._ZSt7forwardIMN5libsc12SysTickTimerEFvPN7libbase3k607SysTickEEEOT_RNSt16remove_referenceIS8_E4typeE
                0x00008b48       0x18 C:\Users\kuang\git\libsccc\lib\libsccc-d-vcan-fx15dev.a(sys_tick_timer-d-vcan-fx15dev.o)
                0x00008b48                void (libsc::SysTickTimer::*&&std::forward<void (libsc::SysTickTimer::*)(libbase::k60::SysTick*)>(std::remove_reference<void (libsc::SysTickTimer::*)(libbase::k60::SysTick*)>::type&))(libbase::k60::SysTick*)
 .text._ZSt7forwardIKPN5libsc12SysTickTimerEEOT_RNSt16remove_referenceIS4_E4typeE
                0x00008b60       0x18 C:\Users\kuang\git\libsccc\lib\libsccc-d-vcan-fx15dev.a(sys_tick_timer-d-vcan-fx15dev.o)
                0x00008b60                libsc::SysTickTimer* const&& std::forward<libsc::SysTickTimer* const>(std::remove_reference<libsc::SysTickTimer* const>::type&)
 .text._ZSt7forwardIRKSt12_PlaceholderILi1EEEOT_RNSt16remove_referenceIS4_E4typeE
                0x00008b78       0x18 C:\Users\kuang\git\libsccc\lib\libsccc-d-vcan-fx15dev.a(sys_tick_timer-d-vcan-fx15dev.o)
                0x00008b78                std::_Placeholder<1> const& std::forward<std::_Placeholder<1> const&>(std::remove_reference<std::_Placeholder<1> const&>::type&)
 .text._ZSt4bindIMN5libsc12SysTickTimerEFvPN7libbase3k607SysTickEEIKPS1_RKSt12_PlaceholderILi1EEEENSt12_Bind_helperIXsrSt5__or_IISt11is_integralINSt5decayIT_E4typeEESt7is_enumISK_EEE5valueESI_IDpT0_EE4typeEOSI_DpOSP_
                0x00008b90       0x4c C:\Users\kuang\git\libsccc\lib\libsccc-d-vcan-fx15dev.a(sys_tick_timer-d-vcan-fx15dev.o)
                0x00008b90                std::_Bind_helper<std::__or_<std::is_integral<std::decay<void (libsc::SysTickTimer::*)(libbase::k60::SysTick*)>::type>, std::is_enum<std::decay<void (libsc::SysTickTimer::*)(libbase::k60::SysTick*)>::type> >::value, void (libsc::SysTickTimer::*)(libbase::k60::SysTick*)<libsc::SysTickTimer* const, std::_Placeholder<1> const&> >::type std::bind<void (libsc::SysTickTimer::*)(libbase::k60::SysTick*), libsc::SysTickTimer* const, std::_Placeholder<1> const&>(void (libsc::SysTickTimer::*&&)(libbase::k60::SysTick*), libsc::SysTickTimer* const&&, std::_Placeholder<1> const&)
                0x00008b90                std::_Bind_helper<std::__or_<std::is_integral<std::decay<void (libsc::SysTickTimer::*)(libbase::k60::SysTick*)>::type>, std::is_enum<std::decay<void (libsc::SysTickTimer::*)(libbase::k60::SysTick*)>::type> >::value, void (libsc::SysTickTimer::*)(libbase::k60::SysTick*), libsc::SysTickTimer* const, std::_Placeholder<1> const&>::type std::bind<void (libsc::SysTickTimer::*)(libbase::k60::SysTick*), libsc::SysTickTimer* const, std::_Placeholder<1> const&>(void (libsc::SysTickTimer::*&&)(libbase::k60::SysTick*), libsc::SysTickTimer* const&&, std::_Placeholder<1> const&)
 .text._ZSt4moveIRSt7_Mem_fnIMN5libsc12SysTickTimerEFvPN7libbase3k607SysTickEEEEONSt16remove_referenceIT_E4typeEOSC_
                0x00008bdc       0x18 C:\Users\kuang\git\libsccc\lib\libsccc-d-vcan-fx15dev.a(sys_tick_timer-d-vcan-fx15dev.o)
                0x00008bdc                std::remove_reference<std::_Mem_fn<void (libsc::SysTickTimer::*)(libbase::k60::SysTick*)>&>::type&& std::move<std::_Mem_fn<void (libsc::SysTickTimer::*)(libbase::k60::SysTick*)>&>(std::_Mem_fn<void (libsc::SysTickTimer::*)(libbase::k60::SysTick*)>&)
 .text._ZSt4moveIRSt5tupleIIPN5libsc12SysTickTimerESt12_PlaceholderILi1EEEEEONSt16remove_referenceIT_E4typeEOS9_
                0x00008bf4       0x18 C:\Users\kuang\git\libsccc\lib\libsccc-d-vcan-fx15dev.a(sys_tick_timer-d-vcan-fx15dev.o)
                0x00008bf4                std::remove_reference<std::tuple<libsc::SysTickTimer*, std::_Placeholder<1> >&>::type&& std::move<std::tuple<libsc::SysTickTimer*, std::_Placeholder<1> >&>(std::tuple<libsc::SysTickTimer*, std::_Placeholder<1> >&)
                0x00008bf4                std::remove_reference<std::tuple<libsc::SysTickTimer*, std::_Placeholder<1> >&>::type&& std::move<std::tuple<libsc::SysTickTimer*, std::_Placeholder<1> >&>(std::tuple<libsc::SysTickTimer*, std::_Placeholder<1> >&)
 .text._ZNSt22_Maybe_get_result_typeILb1ESt7_Mem_fnIMN5libsc12SysTickTimerEFvPN7libbase3k607SysTickEEEEC2Ev
                0x00008c0c       0x18 C:\Users\kuang\git\libsccc\lib\libsccc-d-vcan-fx15dev.a(sys_tick_timer-d-vcan-fx15dev.o)
                0x00008c0c                std::_Maybe_get_result_type<true, std::_Mem_fn<void (libsc::SysTickTimer::*)(libbase::k60::SysTick*)> >::_Maybe_get_result_type()
                0x00008c0c                std::_Maybe_get_result_type<true, std::_Mem_fn<void (libsc::SysTickTimer::*)(libbase::k60::SysTick*)> >::_Maybe_get_result_type()
 .text._ZNSt22_Weak_result_type_implISt7_Mem_fnIMN5libsc12SysTickTimerEFvPN7libbase3k607SysTickEEEEC2Ev
                0x00008c24       0x18 C:\Users\kuang\git\libsccc\lib\libsccc-d-vcan-fx15dev.a(sys_tick_timer-d-vcan-fx15dev.o)
                0x00008c24                std::_Weak_result_type_impl<std::_Mem_fn<void (libsc::SysTickTimer::*)(libbase::k60::SysTick*)> >::_Weak_result_type_impl()
                0x00008c24                std::_Weak_result_type_impl<std::_Mem_fn<void (libsc::SysTickTimer::*)(libbase::k60::SysTick*)> >::_Weak_result_type_impl()
 .text._ZNSt17_Weak_result_typeISt7_Mem_fnIMN5libsc12SysTickTimerEFvPN7libbase3k607SysTickEEEEC2Ev
                0x00008c3c       0x18 C:\Users\kuang\git\libsccc\lib\libsccc-d-vcan-fx15dev.a(sys_tick_timer-d-vcan-fx15dev.o)
                0x00008c3c                std::_Weak_result_type<std::_Mem_fn<void (libsc::SysTickTimer::*)(libbase::k60::SysTick*)> >::_Weak_result_type()
                0x00008c3c                std::_Weak_result_type<std::_Mem_fn<void (libsc::SysTickTimer::*)(libbase::k60::SysTick*)> >::_Weak_result_type()
 .text._ZNSt11_Tuple_implILj1EISt12_PlaceholderILi1EEEE7_M_tailERS2_
                0x00008c54       0x18 C:\Users\kuang\git\libsccc\lib\libsccc-d-vcan-fx15dev.a(sys_tick_timer-d-vcan-fx15dev.o)
                0x00008c54                std::_Tuple_impl<1u, std::_Placeholder<1> >::_M_tail(std::_Tuple_impl<1u, std::_Placeholder<1> >&)
                0x00008c54                std::_Tuple_impl<1u, std::_Placeholder<1> >::_M_tail(std::_Tuple_impl<1u, std::_Placeholder<1> >&)
 .text._ZSt4moveIRSt11_Tuple_implILj2EIEEEONSt16remove_referenceIT_E4typeEOS4_
                0x00008c6c       0x18 C:\Users\kuang\git\libsccc\lib\libsccc-d-vcan-fx15dev.a(sys_tick_timer-d-vcan-fx15dev.o)
                0x00008c6c                std::remove_reference<std::_Tuple_impl<2u>&>::type&& std::move<std::_Tuple_impl<2u>&>(std::_Tuple_impl<2u>&)
                0x00008c6c                std::remove_reference<std::_Tuple_impl<2u>&>::type&& std::move<std::_Tuple_impl<2u>&>(std::_Tuple_impl<2u>&)
 .text._ZNSt10_Head_baseILj1ESt12_PlaceholderILi1EELb1EE7_M_headERS2_
                0x00008c84       0x18 C:\Users\kuang\git\libsccc\lib\libsccc-d-vcan-fx15dev.a(sys_tick_timer-d-vcan-fx15dev.o)
                0x00008c84                std::_Head_base<1u, std::_Placeholder<1>, true>::_M_head(std::_Head_base<1u, std::_Placeholder<1>, true>&)
 .text._ZNSt11_Tuple_implILj1EISt12_PlaceholderILi1EEEE7_M_headERS2_
                0x00008c9c       0x18 C:\Users\kuang\git\libsccc\lib\libsccc-d-vcan-fx15dev.a(sys_tick_timer-d-vcan-fx15dev.o)
                0x00008c9c                std::_Tuple_impl<1u, std::_Placeholder<1> >::_M_head(std::_Tuple_impl<1u, std::_Placeholder<1> >&)
                0x00008c9c                std::_Tuple_impl<1u, std::_Placeholder<1> >::_M_head(std::_Tuple_impl<1u, std::_Placeholder<1> >&)
 .text._ZSt7forwardISt12_PlaceholderILi1EEEOT_RNSt16remove_referenceIS2_E4typeE
                0x00008cb4       0x18 C:\Users\kuang\git\libsccc\lib\libsccc-d-vcan-fx15dev.a(sys_tick_timer-d-vcan-fx15dev.o)
                0x00008cb4                std::_Placeholder<1>&& std::forward<std::_Placeholder<1> >(std::remove_reference<std::_Placeholder<1> >::type&)
 .text._ZNSt10_Head_baseILj1ESt12_PlaceholderILi1EELb1EEC2IS1_vEEOT_
                0x00008ccc       0x1c C:\Users\kuang\git\libsccc\lib\libsccc-d-vcan-fx15dev.a(sys_tick_timer-d-vcan-fx15dev.o)
                0x00008ccc                std::_Head_base<1u, std::_Placeholder<1>, true>::_Head_base<std::_Placeholder<1>, void>(std::_Placeholder<1>&&)
                0x00008ccc                std::_Head_base<1u, std::_Placeholder<1>, true>::_Head_base<std::_Placeholder<1>, void>(std::_Placeholder<1>&&)
 .text._ZNSt11_Tuple_implILj1EISt12_PlaceholderILi1EEEEC2EOS2_
                0x00008ce8       0x3c C:\Users\kuang\git\libsccc\lib\libsccc-d-vcan-fx15dev.a(sys_tick_timer-d-vcan-fx15dev.o)
                0x00008ce8                std::_Tuple_impl<1u, std::_Placeholder<1> >::_Tuple_impl(std::_Tuple_impl<1u, std::_Placeholder<1> >&&)
                0x00008ce8                std::_Tuple_impl<1u, std::_Placeholder<1> >::_Tuple_impl(std::_Tuple_impl<1u, std::_Placeholder<1> >&&)
                0x00008ce8                std::_Tuple_impl<1u, std::_Placeholder<1> >::_Tuple_impl(std::_Tuple_impl<1u, std::_Placeholder<1> >&&)
                0x00008ce8                std::_Tuple_impl<1u, std::_Placeholder<1> >::_Tuple_impl(std::_Tuple_impl<1u, std::_Placeholder<1> >&&)
 .text._ZNSt11_Tuple_implILj0EIPN5libsc12SysTickTimerESt12_PlaceholderILi1EEEE7_M_tailERS5_
                0x00008d24       0x18 C:\Users\kuang\git\libsccc\lib\libsccc-d-vcan-fx15dev.a(sys_tick_timer-d-vcan-fx15dev.o)
                0x00008d24                std::_Tuple_impl<0u, libsc::SysTickTimer*, std::_Placeholder<1> >::_M_tail(std::_Tuple_impl<0u, libsc::SysTickTimer*, std::_Placeholder<1> >&)
                0x00008d24                std::_Tuple_impl<0u, libsc::SysTickTimer*, std::_Placeholder<1> >::_M_tail(std::_Tuple_impl<0u, libsc::SysTickTimer*, std::_Placeholder<1> >&)
 .text._ZSt4moveIRSt11_Tuple_implILj1EISt12_PlaceholderILi1EEEEEONSt16remove_referenceIT_E4typeEOS6_
                0x00008d3c       0x18 C:\Users\kuang\git\libsccc\lib\libsccc-d-vcan-fx15dev.a(sys_tick_timer-d-vcan-fx15dev.o)
                0x00008d3c                std::remove_reference<std::_Tuple_impl<1u, std::_Placeholder<1> >&>::type&& std::move<std::_Tuple_impl<1u, std::_Placeholder<1> >&>(std::_Tuple_impl<1u, std::_Placeholder<1> >&)
                0x00008d3c                std::remove_reference<std::_Tuple_impl<1u, std::_Placeholder<1> >&>::type&& std::move<std::_Tuple_impl<1u, std::_Placeholder<1> >&>(std::_Tuple_impl<1u, std::_Placeholder<1> >&)
 .text._ZNSt10_Head_baseILj0EPN5libsc12SysTickTimerELb0EE7_M_headERS3_
                0x00008d54       0x18 C:\Users\kuang\git\libsccc\lib\libsccc-d-vcan-fx15dev.a(sys_tick_timer-d-vcan-fx15dev.o)
                0x00008d54                std::_Head_base<0u, libsc::SysTickTimer*, false>::_M_head(std::_Head_base<0u, libsc::SysTickTimer*, false>&)
 .text._ZNSt11_Tuple_implILj0EIPN5libsc12SysTickTimerESt12_PlaceholderILi1EEEE7_M_headERS5_
                0x00008d6c       0x1c C:\Users\kuang\git\libsccc\lib\libsccc-d-vcan-fx15dev.a(sys_tick_timer-d-vcan-fx15dev.o)
                0x00008d6c                std::_Tuple_impl<0u, libsc::SysTickTimer*, std::_Placeholder<1> >::_M_head(std::_Tuple_impl<0u, libsc::SysTickTimer*, std::_Placeholder<1> >&)
                0x00008d6c                std::_Tuple_impl<0u, libsc::SysTickTimer*, std::_Placeholder<1> >::_M_head(std::_Tuple_impl<0u, libsc::SysTickTimer*, std::_Placeholder<1> >&)
 .text._ZSt7forwardIPN5libsc12SysTickTimerEEOT_RNSt16remove_referenceIS3_E4typeE
                0x00008d88       0x18 C:\Users\kuang\git\libsccc\lib\libsccc-d-vcan-fx15dev.a(sys_tick_timer-d-vcan-fx15dev.o)
                0x00008d88                libsc::SysTickTimer*&& std::forward<libsc::SysTickTimer*>(std::remove_reference<libsc::SysTickTimer*>::type&)
 .text._ZNSt10_Head_baseILj0EPN5libsc12SysTickTimerELb0EEC2IS2_vEEOT_
                0x00008da0       0x24 C:\Users\kuang\git\libsccc\lib\libsccc-d-vcan-fx15dev.a(sys_tick_timer-d-vcan-fx15dev.o)
                0x00008da0                std::_Head_base<0u, libsc::SysTickTimer*, false>::_Head_base<libsc::SysTickTimer*, void>(libsc::SysTickTimer*&&)
                0x00008da0                std::_Head_base<0u, libsc::SysTickTimer*, false>::_Head_base<libsc::SysTickTimer*, void>(libsc::SysTickTimer*&&)
 .text._ZNSt11_Tuple_implILj0EIPN5libsc12SysTickTimerESt12_PlaceholderILi1EEEEC2EOS5_
                0x00008dc4       0x48 C:\Users\kuang\git\libsccc\lib\libsccc-d-vcan-fx15dev.a(sys_tick_timer-d-vcan-fx15dev.o)
                0x00008dc4                std::_Tuple_impl<0u, libsc::SysTickTimer*, std::_Placeholder<1> >::_Tuple_impl(std::_Tuple_impl<0u, libsc::SysTickTimer*, std::_Placeholder<1> >&&)
                0x00008dc4                std::_Tuple_impl<0u, libsc::SysTickTimer*, std::_Placeholder<1> >::_Tuple_impl(std::_Tuple_impl<0u, libsc::SysTickTimer*, std::_Placeholder<1> >&&)
                0x00008dc4                std::_Tuple_impl<0u, libsc::SysTickTimer*, std::_Placeholder<1> >::_Tuple_impl(std::_Tuple_impl<0u, libsc::SysTickTimer*, std::_Placeholder<1> >&&)
                0x00008dc4                std::_Tuple_impl<0u, libsc::SysTickTimer*, std::_Placeholder<1> >::_Tuple_impl(std::_Tuple_impl<0u, libsc::SysTickTimer*, std::_Placeholder<1> >&&)
 .text._ZNSt5tupleIIPN5libsc12SysTickTimerESt12_PlaceholderILi1EEEEC2EOS5_
                0x00008e0c       0x20 C:\Users\kuang\git\libsccc\lib\libsccc-d-vcan-fx15dev.a(sys_tick_timer-d-vcan-fx15dev.o)
                0x00008e0c                std::tuple<libsc::SysTickTimer*, std::_Placeholder<1> >::tuple(std::tuple<libsc::SysTickTimer*, std::_Placeholder<1> >&&)
                0x00008e0c                std::tuple<libsc::SysTickTimer*, std::_Placeholder<1> >::tuple(std::tuple<libsc::SysTickTimer*, std::_Placeholder<1> >&&)
                0x00008e0c                std::tuple<libsc::SysTickTimer*, std::_Placeholder<1> >::tuple(std::tuple<libsc::SysTickTimer*, std::_Placeholder<1> >&&)
                0x00008e0c                std::tuple<libsc::SysTickTimer*, std::_Placeholder<1> >::tuple(std::tuple<libsc::SysTickTimer*, std::_Placeholder<1> >&&)
 .text._ZNSt5_BindIFSt7_Mem_fnIMN5libsc12SysTickTimerEFvPN7libbase3k607SysTickEEEPS2_St12_PlaceholderILi1EEEEC2EOSE_
                0x00008e2c       0x48 C:\Users\kuang\git\libsccc\lib\libsccc-d-vcan-fx15dev.a(sys_tick_timer-d-vcan-fx15dev.o)
                0x00008e2c                std::_Bind<std::_Mem_fn<void (libsc::SysTickTimer::*)(libbase::k60::SysTick*)> (libsc::SysTickTimer*, std::_Placeholder<1>)>::_Bind(std::_Bind<std::_Mem_fn<void (libsc::SysTickTimer::*)(libbase::k60::SysTick*)> (libsc::SysTickTimer*, std::_Placeholder<1>)>&&)
                0x00008e2c                std::_Bind<std::_Mem_fn<void (libsc::SysTickTimer::*)(libbase::k60::SysTick*)> (libsc::SysTickTimer*, std::_Placeholder<1>)>::_Bind(std::_Bind<std::_Mem_fn<void (libsc::SysTickTimer::*)(libbase::k60::SysTick*)> (libsc::SysTickTimer*, std::_Placeholder<1>)>&&)
 .text._ZSt4moveIRSt5_BindIFSt7_Mem_fnIMN5libsc12SysTickTimerEFvPN7libbase3k607SysTickEEEPS3_St12_PlaceholderILi1EEEEEONSt16remove_referenceIT_E4typeEOSI_
                0x00008e74       0x18 C:\Users\kuang\git\libsccc\lib\libsccc-d-vcan-fx15dev.a(sys_tick_timer-d-vcan-fx15dev.o)
                0x00008e74                std::remove_reference<std::_Bind<std::_Mem_fn<void (libsc::SysTickTimer::*)(libbase::k60::SysTick*)> (libsc::SysTickTimer*, std::_Placeholder<1>)>&>::type&& std::move<std::_Bind<std::_Mem_fn<void (libsc::SysTickTimer::*)(libbase::k60::SysTick*)> (libsc::SysTickTimer*, std::_Placeholder<1>)>&>(std::_Bind<std::_Mem_fn<void (libsc::SysTickTimer::*)(libbase::k60::SysTick*)> (libsc::SysTickTimer*, std::_Placeholder<1>)>&)
 .text._ZNSt8functionIFvPN7libbase3k607SysTickEEEC2ISt5_BindIFSt7_Mem_fnIMN5libsc12SysTickTimerEFvS3_EEPSA_St12_PlaceholderILi1EEEEvEET_
                0x00008e8c       0x54 C:\Users\kuang\git\libsccc\lib\libsccc-d-vcan-fx15dev.a(sys_tick_timer-d-vcan-fx15dev.o)
                0x00008e8c                std::function<void (libbase::k60::SysTick*)>::function<std::_Bind<std::_Mem_fn<void (libsc::SysTickTimer::*)(libbase::k60::SysTick*)> (libsc::SysTickTimer*, std::_Placeholder<1>)>, void>(std::_Bind<std::_Mem_fn<void (libsc::SysTickTimer::*)(libbase::k60::SysTick*)> (libsc::SysTickTimer*, std::_Placeholder<1>)>)
                0x00008e8c                std::function<void (libbase::k60::SysTick*)>::function<std::_Bind<std::_Mem_fn<void (libsc::SysTickTimer::*)(libbase::k60::SysTick*)> (libsc::SysTickTimer*, std::_Placeholder<1>)>, void>(std::_Bind<std::_Mem_fn<void (libsc::SysTickTimer::*)(libbase::k60::SysTick*)> (libsc::SysTickTimer*, std::_Placeholder<1>)>)
 .text._ZNSt8functionIFvPN7libbase3k607SysTickEEEC2ERKS5_
                0x00008ee0       0x50 C:\Users\kuang\git\libsccc\lib\libsccc-d-vcan-fx15dev.a(sys_tick_timer-d-vcan-fx15dev.o)
                0x00008ee0                std::function<void (libbase::k60::SysTick*)>::function(std::function<void (libbase::k60::SysTick*)> const&)
                0x00008ee0                std::function<void (libbase::k60::SysTick*)>::function(std::function<void (libbase::k60::SysTick*)> const&)
 .text._ZNSt8functionIFvPN7libbase3k607SysTickEEE4swapERS5_
                0x00008f30       0x40 C:\Users\kuang\git\libsccc\lib\libsccc-d-vcan-fx15dev.a(sys_tick_timer-d-vcan-fx15dev.o)
                0x00008f30                std::function<void (libbase::k60::SysTick*)>::swap(std::function<void (libbase::k60::SysTick*)>&)
 .text._ZNSt26_Maybe_wrap_member_pointerIMN5libsc12SysTickTimerEFvPN7libbase3k607SysTickEEE9__do_wrapES7_
                0x00008f70       0x24 C:\Users\kuang\git\libsccc\lib\libsccc-d-vcan-fx15dev.a(sys_tick_timer-d-vcan-fx15dev.o)
                0x00008f70                std::_Maybe_wrap_member_pointer<void (libsc::SysTickTimer::*)(libbase::k60::SysTick*)>::__do_wrap(void (libsc::SysTickTimer::*)(libbase::k60::SysTick*))
 .text._ZNSt11_Tuple_implILj2EIEEC2Ev
                0x00008f94       0x18 C:\Users\kuang\git\libsccc\lib\libsccc-d-vcan-fx15dev.a(sys_tick_timer-d-vcan-fx15dev.o)
                0x00008f94                std::_Tuple_impl<2u>::_Tuple_impl()
                0x00008f94                std::_Tuple_impl<2u>::_Tuple_impl()
                0x00008f94                std::_Tuple_impl<2u>::_Tuple_impl()
                0x00008f94                std::_Tuple_impl<2u>::_Tuple_impl()
 .text._ZNSt10_Head_baseILj1ESt12_PlaceholderILi1EELb1EEC2ERKS1_
                0x00008fac       0x18 C:\Users\kuang\git\libsccc\lib\libsccc-d-vcan-fx15dev.a(sys_tick_timer-d-vcan-fx15dev.o)
                0x00008fac                std::_Head_base<1u, std::_Placeholder<1>, true>::_Head_base(std::_Placeholder<1> const&)
                0x00008fac                std::_Head_base<1u, std::_Placeholder<1>, true>::_Head_base(std::_Placeholder<1> const&)
 .text._ZNSt11_Tuple_implILj1EISt12_PlaceholderILi1EEEEC2ERKS1_
                0x00008fc4       0x24 C:\Users\kuang\git\libsccc\lib\libsccc-d-vcan-fx15dev.a(sys_tick_timer-d-vcan-fx15dev.o)
                0x00008fc4                std::_Tuple_impl<1u, std::_Placeholder<1> >::_Tuple_impl(std::_Placeholder<1> const&)
                0x00008fc4                std::_Tuple_impl<1u, std::_Placeholder<1> >::_Tuple_impl(std::_Placeholder<1> const&)
                0x00008fc4                std::_Tuple_impl<1u, std::_Placeholder<1> >::_Tuple_impl(std::_Placeholder<1> const&)
                0x00008fc4                std::_Tuple_impl<1u, std::_Placeholder<1> >::_Tuple_impl(std::_Placeholder<1> const&)
 .text._ZNSt10_Head_baseILj0EPN5libsc12SysTickTimerELb0EEC2IKS2_vEEOT_
                0x00008fe8       0x24 C:\Users\kuang\git\libsccc\lib\libsccc-d-vcan-fx15dev.a(sys_tick_timer-d-vcan-fx15dev.o)
                0x00008fe8                std::_Head_base<0u, libsc::SysTickTimer*, false>::_Head_base<libsc::SysTickTimer* const, void>(libsc::SysTickTimer* const&&)
                0x00008fe8                std::_Head_base<0u, libsc::SysTickTimer*, false>::_Head_base<libsc::SysTickTimer* const, void>(libsc::SysTickTimer* const&&)
 .text._ZNSt11_Tuple_implILj0EIPN5libsc12SysTickTimerESt12_PlaceholderILi1EEEEC2IKS2_IRKS4_EvEEOT_DpOT0_
                0x0000900c       0x38 C:\Users\kuang\git\libsccc\lib\libsccc-d-vcan-fx15dev.a(sys_tick_timer-d-vcan-fx15dev.o)
                0x0000900c                std::_Tuple_impl<0u, libsc::SysTickTimer*, std::_Placeholder<1> >::_Tuple_impl<libsc::SysTickTimer*<std::_Placeholder<1> const&> const, void>(libsc::SysTickTimer*<std::_Placeholder<1> const&> const&&, (void&&)...)
                0x0000900c                std::_Tuple_impl<0u, libsc::SysTickTimer*, std::_Placeholder<1> >::_Tuple_impl<libsc::SysTickTimer*<std::_Placeholder<1> const&> const, void>(libsc::SysTickTimer*<std::_Placeholder<1> const&> const&&, (void&&)...)
                0x0000900c                std::_Tuple_impl<0u, libsc::SysTickTimer*, std::_Placeholder<1> >::_Tuple_impl<libsc::SysTickTimer* const, std::_Placeholder<1> const&, void>(libsc::SysTickTimer* const&&, std::_Placeholder<1> const&)
                0x0000900c                std::_Tuple_impl<0u, libsc::SysTickTimer*, std::_Placeholder<1> >::_Tuple_impl<libsc::SysTickTimer* const, std::_Placeholder<1> const&, void>(libsc::SysTickTimer* const&&, std::_Placeholder<1> const&)
 .text._ZNSt5tupleIIPN5libsc12SysTickTimerESt12_PlaceholderILi1EEEEC2IKS2_RKS4_vEEOT_OT0_
                0x00009044       0x34 C:\Users\kuang\git\libsccc\lib\libsccc-d-vcan-fx15dev.a(sys_tick_timer-d-vcan-fx15dev.o)
                0x00009044                std::tuple<libsc::SysTickTimer*, std::_Placeholder<1> >::tuple<libsc::SysTickTimer* const, std::_Placeholder<1> const&, void>(libsc::SysTickTimer* const&&, std::_Placeholder<1> const&)
                0x00009044                std::tuple<libsc::SysTickTimer*, std::_Placeholder<1> >::tuple<libsc::SysTickTimer* const, std::_Placeholder<1> const&, void>(libsc::SysTickTimer* const&&, std::_Placeholder<1> const&)
                0x00009044                std::tuple<libsc::SysTickTimer*, std::_Placeholder<1> >::tuple<libsc::SysTickTimer* const, std::_Placeholder<1> const&, void>(libsc::SysTickTimer* const&&, std::_Placeholder<1> const&)
                0x00009044                std::tuple<libsc::SysTickTimer*, std::_Placeholder<1> >::tuple<libsc::SysTickTimer* const, std::_Placeholder<1> const&, void>(libsc::SysTickTimer* const&&, std::_Placeholder<1> const&)
 .text._ZNSt5_BindIFSt7_Mem_fnIMN5libsc12SysTickTimerEFvPN7libbase3k607SysTickEEEPS2_St12_PlaceholderILi1EEEEC2IIKSA_RKSC_EEEOS9_DpOT_
                0x00009078       0x50 C:\Users\kuang\git\libsccc\lib\libsccc-d-vcan-fx15dev.a(sys_tick_timer-d-vcan-fx15dev.o)
                0x00009078                std::_Bind<std::_Mem_fn<void (libsc::SysTickTimer::*)(libbase::k60::SysTick*)> (libsc::SysTickTimer*, std::_Placeholder<1>)>::_Bind<libsc::SysTickTimer* const, std::_Placeholder<1> const&>(std::_Mem_fn<void (libsc::SysTickTimer::*)(libbase::k60::SysTick*)>&&, libsc::SysTickTimer* const&&, std::_Placeholder<1> const&)
                0x00009078                std::_Bind<std::_Mem_fn<void (libsc::SysTickTimer::*)(libbase::k60::SysTick*)> (libsc::SysTickTimer*, std::_Placeholder<1>)>::_Bind<libsc::SysTickTimer* const, std::_Placeholder<1> const&>(std::_Mem_fn<void (libsc::SysTickTimer::*)(libbase::k60::SysTick*)>&&, libsc::SysTickTimer* const&&, std::_Placeholder<1> const&)
                0x00009078                std::_Bind<std::_Mem_fn<void (libsc::SysTickTimer::*)(libbase::k60::SysTick*)> (libsc::SysTickTimer*, std::_Placeholder<1>)>::_Bind<libsc::SysTickTimer* const, std::_Placeholder<1> const&>(std::_Mem_fn<void (libsc::SysTickTimer::*)(libbase::k60::SysTick*)>&&, libsc::SysTickTimer* const&&, std::_Placeholder<1> const&)
                0x00009078                std::_Bind<std::_Mem_fn<void (libsc::SysTickTimer::*)(libbase::k60::SysTick*)> (libsc::SysTickTimer*, std::_Placeholder<1>)>::_Bind<libsc::SysTickTimer* const, std::_Placeholder<1> const&>(std::_Mem_fn<void (libsc::SysTickTimer::*)(libbase::k60::SysTick*)>&&, libsc::SysTickTimer* const&&, std::_Placeholder<1> const&)
 .text._ZNSt14_Function_base13_Base_managerISt5_BindIFSt7_Mem_fnIMN5libsc12SysTickTimerEFvPN7libbase3k607SysTickEEEPS4_St12_PlaceholderILi1EEEEE21_M_not_empty_functionISG_EEbRKT_
                0x000090c8       0x18 C:\Users\kuang\git\libsccc\lib\libsccc-d-vcan-fx15dev.a(sys_tick_timer-d-vcan-fx15dev.o)
                0x000090c8                bool std::_Function_base::_Base_manager<std::_Bind<std::_Mem_fn<void (libsc::SysTickTimer::*)(libbase::k60::SysTick*)> (libsc::SysTickTimer*, std::_Placeholder<1>)> >::_M_not_empty_function<std::_Bind<std::_Mem_fn<void (libsc::SysTickTimer::*)(libbase::k60::SysTick*)> (libsc::SysTickTimer*, std::_Placeholder<1>)> >(std::_Bind<std::_Mem_fn<void (libsc::SysTickTimer::*)(libbase::k60::SysTick*)> (libsc::SysTickTimer*, std::_Placeholder<1>)> const&)
 .text._ZNSt14_Function_base13_Base_managerISt5_BindIFSt7_Mem_fnIMN5libsc12SysTickTimerEFvPN7libbase3k607SysTickEEEPS4_St12_PlaceholderILi1EEEEE15_M_init_functorERSt9_Any_dataOSG_
                0x000090e0       0x24 C:\Users\kuang\git\libsccc\lib\libsccc-d-vcan-fx15dev.a(sys_tick_timer-d-vcan-fx15dev.o)
                0x000090e0                std::_Function_base::_Base_manager<std::_Bind<std::_Mem_fn<void (libsc::SysTickTimer::*)(libbase::k60::SysTick*)> (libsc::SysTickTimer*, std::_Placeholder<1>)> >::_M_init_functor(std::_Any_data&, std::_Bind<std::_Mem_fn<void (libsc::SysTickTimer::*)(libbase::k60::SysTick*)> (libsc::SysTickTimer*, std::_Placeholder<1>)>&&)
 .text._ZSt7forwardIPN7libbase3k607SysTickEEOT_RNSt16remove_referenceIS4_E4typeE
                0x00009104       0x18 C:\Users\kuang\git\libsccc\lib\libsccc-d-vcan-fx15dev.a(sys_tick_timer-d-vcan-fx15dev.o)
                0x00009104                libbase::k60::SysTick*&& std::forward<libbase::k60::SysTick*>(std::remove_reference<libbase::k60::SysTick*>::type&)
 .text._ZNSt17_Function_handlerIFvPN7libbase3k607SysTickEESt5_BindIFSt7_Mem_fnIMN5libsc12SysTickTimerEFvS3_EEPS8_St12_PlaceholderILi1EEEEE9_M_invokeERKSt9_Any_dataS3_
                0x0000911c       0x2c C:\Users\kuang\git\libsccc\lib\libsccc-d-vcan-fx15dev.a(sys_tick_timer-d-vcan-fx15dev.o)
                0x0000911c                std::_Function_handler<void (libbase::k60::SysTick*), std::_Bind<std::_Mem_fn<void (libsc::SysTickTimer::*)(libbase::k60::SysTick*)> (libsc::SysTickTimer*, std::_Placeholder<1>)> >::_M_invoke(std::_Any_data const&, libbase::k60::SysTick*)
 .text._ZNSt14_Function_base13_Base_managerISt5_BindIFSt7_Mem_fnIMN5libsc12SysTickTimerEFvPN7libbase3k607SysTickEEEPS4_St12_PlaceholderILi1EEEEE10_M_managerERSt9_Any_dataRKSI_St18_Manager_operation
                0x00009148       0x50 C:\Users\kuang\git\libsccc\lib\libsccc-d-vcan-fx15dev.a(sys_tick_timer-d-vcan-fx15dev.o)
                0x00009148                std::_Function_base::_Base_manager<std::_Bind<std::_Mem_fn<void (libsc::SysTickTimer::*)(libbase::k60::SysTick*)> (libsc::SysTickTimer*, std::_Placeholder<1>)> >::_M_manager(std::_Any_data&, std::_Any_data const&, std::_Manager_operation)
 .text._ZNKSt8functionIFvPN7libbase3k607SysTickEEEcvbEv
                0x00009198       0x20 C:\Users\kuang\git\libsccc\lib\libsccc-d-vcan-fx15dev.a(sys_tick_timer-d-vcan-fx15dev.o)
                0x00009198                std::function<void (libbase::k60::SysTick*)>::operator bool() const
 .text._ZSt4moveIRPFvRKSt9_Any_dataPN7libbase3k607SysTickEEEONSt16remove_referenceIT_E4typeEOSB_
                0x000091b8       0x18 C:\Users\kuang\git\libsccc\lib\libsccc-d-vcan-fx15dev.a(sys_tick_timer-d-vcan-fx15dev.o)
                0x000091b8                std::remove_reference<void (*&)(std::_Any_data const&, libbase::k60::SysTick*)>::type&& std::move<void (*&)(std::_Any_data const&, libbase::k60::SysTick*)>(void (*&)(std::_Any_data const&, libbase::k60::SysTick*))
 .text._ZSt4swapIPFvRKSt9_Any_dataPN7libbase3k607SysTickEEEvRT_SA_
                0x000091d0       0x3c C:\Users\kuang\git\libsccc\lib\libsccc-d-vcan-fx15dev.a(sys_tick_timer-d-vcan-fx15dev.o)
                0x000091d0                void std::swap<void (*)(std::_Any_data const&, libbase::k60::SysTick*)>(void (*&)(std::_Any_data const&, libbase::k60::SysTick*), void (*&)(std::_Any_data const&, libbase::k60::SysTick*))
 .text._ZNSt15binary_functionIPN5libsc12SysTickTimerEPN7libbase3k607SysTickEvEC2Ev
                0x0000920c       0x18 C:\Users\kuang\git\libsccc\lib\libsccc-d-vcan-fx15dev.a(sys_tick_timer-d-vcan-fx15dev.o)
                0x0000920c                std::binary_function<libsc::SysTickTimer*, libbase::k60::SysTick*, void>::binary_function()
                0x0000920c                std::binary_function<libsc::SysTickTimer*, libbase::k60::SysTick*, void>::binary_function()
 .text._ZNSt31_Maybe_unary_or_binary_functionIvIPN5libsc12SysTickTimerEPN7libbase3k607SysTickEEEC2Ev
                0x00009224       0x18 C:\Users\kuang\git\libsccc\lib\libsccc-d-vcan-fx15dev.a(sys_tick_timer-d-vcan-fx15dev.o)
                0x00009224                std::_Maybe_unary_or_binary_function<void, libsc::SysTickTimer*, libbase::k60::SysTick*>::_Maybe_unary_or_binary_function()
                0x00009224                std::_Maybe_unary_or_binary_function<void, libsc::SysTickTimer*, libbase::k60::SysTick*>::_Maybe_unary_or_binary_function()
                0x00009224                std::_Maybe_unary_or_binary_function<void, libsc::SysTickTimer*, libbase::k60::SysTick*>::_Maybe_unary_or_binary_function()
                0x00009224                std::_Maybe_unary_or_binary_function<void, libsc::SysTickTimer*, libbase::k60::SysTick*>::_Maybe_unary_or_binary_function()
 .text._ZNSt7_Mem_fnIMN5libsc12SysTickTimerEFvPN7libbase3k607SysTickEEEC2ES7_
                0x0000923c       0x2c C:\Users\kuang\git\libsccc\lib\libsccc-d-vcan-fx15dev.a(sys_tick_timer-d-vcan-fx15dev.o)
                0x0000923c                std::_Mem_fn<void (libsc::SysTickTimer::*)(libbase::k60::SysTick*)>::_Mem_fn(void (libsc::SysTickTimer::*)(libbase::k60::SysTick*))
                0x0000923c                std::_Mem_fn<void (libsc::SysTickTimer::*)(libbase::k60::SysTick*)>::_Mem_fn(void (libsc::SysTickTimer::*)(libbase::k60::SysTick*))
 .text._ZNSt14_Function_base13_Base_managerISt5_BindIFSt7_Mem_fnIMN5libsc12SysTickTimerEFvPN7libbase3k607SysTickEEEPS4_St12_PlaceholderILi1EEEEE15_M_init_functorERSt9_Any_dataOSG_St17integral_constantIbLb0EE
                0x00009268       0x34 C:\Users\kuang\git\libsccc\lib\libsccc-d-vcan-fx15dev.a(sys_tick_timer-d-vcan-fx15dev.o)
                0x00009268                std::_Function_base::_Base_manager<std::_Bind<std::_Mem_fn<void (libsc::SysTickTimer::*)(libbase::k60::SysTick*)> (libsc::SysTickTimer*, std::_Placeholder<1>)> >::_M_init_functor(std::_Any_data&, std::_Bind<std::_Mem_fn<void (libsc::SysTickTimer::*)(libbase::k60::SysTick*)> (libsc::SysTickTimer*, std::_Placeholder<1>)>&&, std::integral_constant<bool, false>)
 .text._ZNSt14_Function_base13_Base_managerISt5_BindIFSt7_Mem_fnIMN5libsc12SysTickTimerEFvPN7libbase3k607SysTickEEEPS4_St12_PlaceholderILi1EEEEE14_M_get_pointerERKSt9_Any_data
                0x0000929c       0x20 C:\Users\kuang\git\libsccc\lib\libsccc-d-vcan-fx15dev.a(sys_tick_timer-d-vcan-fx15dev.o)
                0x0000929c                std::_Function_base::_Base_manager<std::_Bind<std::_Mem_fn<void (libsc::SysTickTimer::*)(libbase::k60::SysTick*)> (libsc::SysTickTimer*, std::_Placeholder<1>)> >::_M_get_pointer(std::_Any_data const&)
 .text._ZNSt5_BindIFSt7_Mem_fnIMN5libsc12SysTickTimerEFvPN7libbase3k607SysTickEEEPS2_St12_PlaceholderILi1EEEEclIIS6_EvEET0_DpOT_
                0x000092bc       0x34 C:\Users\kuang\git\libsccc\lib\libsccc-d-vcan-fx15dev.a(sys_tick_timer-d-vcan-fx15dev.o)
                0x000092bc                void std::_Bind<std::_Mem_fn<void (libsc::SysTickTimer::*)(libbase::k60::SysTick*)> (libsc::SysTickTimer*, std::_Placeholder<1>)>::operator()<libbase::k60::SysTick*, void>(libbase::k60::SysTick*&&)
                0x000092bc                void std::_Bind<std::_Mem_fn<void (libsc::SysTickTimer::*)(libbase::k60::SysTick*)> (libsc::SysTickTimer*, std::_Placeholder<1>)>::operator()<libbase::k60::SysTick*, void>(libbase::k60::SysTick*&&)
 .text._ZNSt9_Any_data9_M_accessIPSt5_BindIFSt7_Mem_fnIMN5libsc12SysTickTimerEFvPN7libbase3k607SysTickEEEPS4_St12_PlaceholderILi1EEEEEERT_v
                0x000092f0       0x18 C:\Users\kuang\git\libsccc\lib\libsccc-d-vcan-fx15dev.a(sys_tick_timer-d-vcan-fx15dev.o)
                0x000092f0                std::_Bind<std::_Mem_fn<void (libsc::SysTickTimer::*)(libbase::k60::SysTick*)> (libsc::SysTickTimer*, std::_Placeholder<1>)>*& std::_Any_data::_M_access<std::_Bind<std::_Mem_fn<void (libsc::SysTickTimer::*)(libbase::k60::SysTick*)> (libsc::SysTickTimer*, std::_Placeholder<1>)>*>()
 .text._ZNSt14_Function_base13_Base_managerISt5_BindIFSt7_Mem_fnIMN5libsc12SysTickTimerEFvPN7libbase3k607SysTickEEEPS4_St12_PlaceholderILi1EEEEE8_M_cloneERSt9_Any_dataRKSI_St17integral_constantIbLb0EE
                0x00009308       0x38 C:\Users\kuang\git\libsccc\lib\libsccc-d-vcan-fx15dev.a(sys_tick_timer-d-vcan-fx15dev.o)
                0x00009308                std::_Function_base::_Base_manager<std::_Bind<std::_Mem_fn<void (libsc::SysTickTimer::*)(libbase::k60::SysTick*)> (libsc::SysTickTimer*, std::_Placeholder<1>)> >::_M_clone(std::_Any_data&, std::_Any_data const&, std::integral_constant<bool, false>)
 .text._ZNSt14_Function_base13_Base_managerISt5_BindIFSt7_Mem_fnIMN5libsc12SysTickTimerEFvPN7libbase3k607SysTickEEEPS4_St12_PlaceholderILi1EEEEE10_M_destroyERSt9_Any_dataSt17integral_constantIbLb0EE
                0x00009340       0x20 C:\Users\kuang\git\libsccc\lib\libsccc-d-vcan-fx15dev.a(sys_tick_timer-d-vcan-fx15dev.o)
                0x00009340                std::_Function_base::_Base_manager<std::_Bind<std::_Mem_fn<void (libsc::SysTickTimer::*)(libbase::k60::SysTick*)> (libsc::SysTickTimer*, std::_Placeholder<1>)> >::_M_destroy(std::_Any_data&, std::integral_constant<bool, false>)
 .text._ZNKSt9_Any_data9_M_accessIPSt5_BindIFSt7_Mem_fnIMN5libsc12SysTickTimerEFvPN7libbase3k607SysTickEEEPS4_St12_PlaceholderILi1EEEEEERKT_v
                0x00009360       0x18 C:\Users\kuang\git\libsccc\lib\libsccc-d-vcan-fx15dev.a(sys_tick_timer-d-vcan-fx15dev.o)
                0x00009360                std::_Bind<std::_Mem_fn<void (libsc::SysTickTimer::*)(libbase::k60::SysTick*)> (libsc::SysTickTimer*, std::_Placeholder<1>)>* const& std::_Any_data::_M_access<std::_Bind<std::_Mem_fn<void (libsc::SysTickTimer::*)(libbase::k60::SysTick*)> (libsc::SysTickTimer*, std::_Placeholder<1>)>*>() const
 .text._ZNSt11_Tuple_implILj1EIEEC2Ev
                0x00009378       0x18 C:\Users\kuang\git\libsccc\lib\libsccc-d-vcan-fx15dev.a(sys_tick_timer-d-vcan-fx15dev.o)
                0x00009378                std::_Tuple_impl<1u>::_Tuple_impl()
                0x00009378                std::_Tuple_impl<1u>::_Tuple_impl()
                0x00009378                std::_Tuple_impl<1u>::_Tuple_impl()
                0x00009378                std::_Tuple_impl<1u>::_Tuple_impl()
 .text._ZNSt10_Head_baseILj0EOPN7libbase3k607SysTickELb0EEC2IS3_vEEOT_
                0x00009390       0x20 C:\Users\kuang\git\libsccc\lib\libsccc-d-vcan-fx15dev.a(sys_tick_timer-d-vcan-fx15dev.o)
                0x00009390                std::_Head_base<0u, libbase::k60::SysTick*&&, false>::_Head_base<libbase::k60::SysTick*, void>(libbase::k60::SysTick*&&)
                0x00009390                std::_Head_base<0u, libbase::k60::SysTick*&&, false>::_Head_base<libbase::k60::SysTick*, void>(libbase::k60::SysTick*&&)
 .text._ZNSt11_Tuple_implILj0EIOPN7libbase3k607SysTickEEEC2IS3_IEvEEOT_DpOT0_
                0x000093b0       0x2c C:\Users\kuang\git\libsccc\lib\libsccc-d-vcan-fx15dev.a(sys_tick_timer-d-vcan-fx15dev.o)
                0x000093b0                std::_Tuple_impl<0u, libbase::k60::SysTick*&&>::_Tuple_impl<libbase::k60::SysTick*<>, void>(libbase::k60::SysTick*<>&&, (void&&)...)
                0x000093b0                std::_Tuple_impl<0u, libbase::k60::SysTick*&&>::_Tuple_impl<libbase::k60::SysTick*, , void>(libbase::k60::SysTick*&&)
                0x000093b0                std::_Tuple_impl<0u, libbase::k60::SysTick*&&>::_Tuple_impl<libbase::k60::SysTick*<>, void>(libbase::k60::SysTick*<>&&, (void&&)...)
                0x000093b0                std::_Tuple_impl<0u, libbase::k60::SysTick*&&>::_Tuple_impl<libbase::k60::SysTick*, , void>(libbase::k60::SysTick*&&)
 .text._ZNSt5tupleIIOPN7libbase3k607SysTickEEEC2IIS3_EvEEDpOT_
                0x000093dc       0x28 C:\Users\kuang\git\libsccc\lib\libsccc-d-vcan-fx15dev.a(sys_tick_timer-d-vcan-fx15dev.o)
                0x000093dc                std::tuple<libbase::k60::SysTick*&&>::tuple<libbase::k60::SysTick*, void>(libbase::k60::SysTick*&&)
                0x000093dc                std::tuple<libbase::k60::SysTick*&&>::tuple<libbase::k60::SysTick*, void>(libbase::k60::SysTick*&&)
                0x000093dc                std::tuple<libbase::k60::SysTick*&&>::tuple<libbase::k60::SysTick*, void>(libbase::k60::SysTick*&&)
                0x000093dc                std::tuple<libbase::k60::SysTick*&&>::tuple<libbase::k60::SysTick*, void>(libbase::k60::SysTick*&&)
 .text._ZNSt10_Head_baseILj0EOPN7libbase3k607SysTickELb0EE7_M_headERS5_
                0x00009404       0x18 C:\Users\kuang\git\libsccc\lib\libsccc-d-vcan-fx15dev.a(sys_tick_timer-d-vcan-fx15dev.o)
                0x00009404                std::_Head_base<0u, libbase::k60::SysTick*&&, false>::_M_head(std::_Head_base<0u, libbase::k60::SysTick*&&, false>&)
 .text._ZNSt11_Tuple_implILj0EIOPN7libbase3k607SysTickEEE7_M_headERS5_
                0x0000941c       0x1c C:\Users\kuang\git\libsccc\lib\libsccc-d-vcan-fx15dev.a(sys_tick_timer-d-vcan-fx15dev.o)
                0x0000941c                std::_Tuple_impl<0u, libbase::k60::SysTick*&&>::_M_head(std::_Tuple_impl<0u, libbase::k60::SysTick*&&>&)
                0x0000941c                std::_Tuple_impl<0u, libbase::k60::SysTick*&&>::_M_head(std::_Tuple_impl<0u, libbase::k60::SysTick*&&>&)
 .text._ZSt7forwardIOPN7libbase3k607SysTickEEOT_RNSt16remove_referenceIS5_E4typeE
                0x00009438       0x18 C:\Users\kuang\git\libsccc\lib\libsccc-d-vcan-fx15dev.a(sys_tick_timer-d-vcan-fx15dev.o)
                0x00009438                libbase::k60::SysTick*&& std::forward<libbase::k60::SysTick*&&>(std::remove_reference<libbase::k60::SysTick*&&>::type&)
 .text._ZSt16forward_as_tupleIIPN7libbase3k607SysTickEEESt5tupleIIDpOT_EES7_
                0x00009450       0x24 C:\Users\kuang\git\libsccc\lib\libsccc-d-vcan-fx15dev.a(sys_tick_timer-d-vcan-fx15dev.o)
                0x00009450                std::tuple<libbase::k60::SysTick*&&> std::forward_as_tuple<libbase::k60::SysTick*>(libbase::k60::SysTick*&&)
                0x00009450                std::tuple<libbase::k60::SysTick*&&> std::forward_as_tuple<libbase::k60::SysTick*>(libbase::k60::SysTick*&&)
 .text._ZSt12__get_helperILj0EPN5libsc12SysTickTimerEISt12_PlaceholderILi1EEEENSt9__add_refIT0_E4typeERSt11_Tuple_implIXT_EIS6_DpT1_EE
                0x00009474       0x18 C:\Users\kuang\git\libsccc\lib\libsccc-d-vcan-fx15dev.a(sys_tick_timer-d-vcan-fx15dev.o)
                0x00009474                std::__add_ref<libsc::SysTickTimer*>::type std::__get_helper<0u, libsc::SysTickTimer*, std::_Placeholder<1> >(std::_Tuple_impl<0u, libsc::SysTickTimer*, std::_Placeholder<1> >&)
                0x00009474                std::__add_ref<libsc::SysTickTimer*>::type std::__get_helper<0u, libsc::SysTickTimer*, std::_Placeholder<1> >(std::_Tuple_impl<0u, libsc::SysTickTimer*, std::_Placeholder<1> >&)
 .text._ZSt3getILj0EIPN5libsc12SysTickTimerESt12_PlaceholderILi1EEEENSt9__add_refINSt13tuple_elementIXT_ESt5tupleIIDpT0_EEE4typeEE4typeERSA_
                0x0000948c       0x1c C:\Users\kuang\git\libsccc\lib\libsccc-d-vcan-fx15dev.a(sys_tick_timer-d-vcan-fx15dev.o)
                0x0000948c                std::__add_ref<std::tuple_element<0u, std::tuple<libsc::SysTickTimer*, std::_Placeholder<1> > >::type>::type std::get<0u, libsc::SysTickTimer*, std::_Placeholder<1> >(std::tuple<libsc::SysTickTimer*, std::_Placeholder<1> >&)
                0x0000948c                std::__add_ref<std::tuple_element<0u, std::tuple<libsc::SysTickTimer*, std::_Placeholder<1> > >::type>::type std::get<0u, libsc::SysTickTimer*, std::_Placeholder<1> >(std::tuple<libsc::SysTickTimer*, std::_Placeholder<1> >&)
 .text._ZSt12__get_helperILj1ESt12_PlaceholderILi1EEIEENSt9__add_refIT0_E4typeERSt11_Tuple_implIXT_EIS3_DpT1_EE
                0x000094a8       0x18 C:\Users\kuang\git\libsccc\lib\libsccc-d-vcan-fx15dev.a(sys_tick_timer-d-vcan-fx15dev.o)
                0x000094a8                std::__add_ref<std::_Placeholder<1> >::type std::__get_helper<1u, std::_Placeholder<1>>(std::_Tuple_impl<1u, std::_Placeholder<1>>&)
                0x000094a8                std::__add_ref<std::_Placeholder<1> >::type std::__get_helper<1u, std::_Placeholder<1>>(std::_Tuple_impl<1u, std::_Placeholder<1>>&)
 .text._ZSt3getILj1EIPN5libsc12SysTickTimerESt12_PlaceholderILi1EEEENSt9__add_refINSt13tuple_elementIXT_ESt5tupleIIDpT0_EEE4typeEE4typeERSA_
                0x000094c0       0x18 C:\Users\kuang\git\libsccc\lib\libsccc-d-vcan-fx15dev.a(sys_tick_timer-d-vcan-fx15dev.o)
                0x000094c0                std::__add_ref<std::tuple_element<1u, std::tuple<libsc::SysTickTimer*, std::_Placeholder<1> > >::type>::type std::get<1u, libsc::SysTickTimer*, std::_Placeholder<1> >(std::tuple<libsc::SysTickTimer*, std::_Placeholder<1> >&)
                0x000094c0                std::__add_ref<std::tuple_element<1u, std::tuple<libsc::SysTickTimer*, std::_Placeholder<1> > >::type>::type std::get<1u, libsc::SysTickTimer*, std::_Placeholder<1> >(std::tuple<libsc::SysTickTimer*, std::_Placeholder<1> >&)
 .text._ZNSt5_BindIFSt7_Mem_fnIMN5libsc12SysTickTimerEFvPN7libbase3k607SysTickEEEPS2_St12_PlaceholderILi1EEEE6__callIvIOS6_EILj0ELj1EEEET_OSt5tupleIIDpT0_EESt12_Index_tupleIIXspT1_EEE
                0x000094d8       0x58 C:\Users\kuang\git\libsccc\lib\libsccc-d-vcan-fx15dev.a(sys_tick_timer-d-vcan-fx15dev.o)
                0x000094d8                void std::_Bind<std::_Mem_fn<void (libsc::SysTickTimer::*)(libbase::k60::SysTick*)> (libsc::SysTickTimer*, std::_Placeholder<1>)>::__call<void, libbase::k60::SysTick*&&, 0u, 1u>(std::tuple<libbase::k60::SysTick*&&>&&, std::_Index_tuple<0u, 1u>)
                0x000094d8                void std::_Bind<std::_Mem_fn<void (libsc::SysTickTimer::*)(libbase::k60::SysTick*)> (libsc::SysTickTimer*, std::_Placeholder<1>)>::__call<void, libbase::k60::SysTick*&&, 0u, 1u>(std::tuple<libbase::k60::SysTick*&&>&&, std::_Index_tuple<0u, 1u>)
 .text._ZSt7forwardIRPN5libsc12SysTickTimerEEOT_RNSt16remove_referenceIS4_E4typeE
                0x00009530       0x18 C:\Users\kuang\git\libsccc\lib\libsccc-d-vcan-fx15dev.a(sys_tick_timer-d-vcan-fx15dev.o)
                0x00009530                libsc::SysTickTimer*& std::forward<libsc::SysTickTimer*&>(std::remove_reference<libsc::SysTickTimer*&>::type&)
 .text._ZNVKSt3_MuIPN5libsc12SysTickTimerELb0ELb0EEclIRS2_St5tupleIIOPN7libbase3k607SysTickEEEEEOT_SE_RT0_
                0x00009548       0x1c C:\Users\kuang\git\libsccc\lib\libsccc-d-vcan-fx15dev.a(sys_tick_timer-d-vcan-fx15dev.o)
                0x00009548                libsc::SysTickTimer*& std::_Mu<libsc::SysTickTimer*, false, false>::operator()<libsc::SysTickTimer*&, std::tuple<libbase::k60::SysTick*&&> >(libsc::SysTickTimer*&, std::tuple<libbase::k60::SysTick*&&>&) const volatile
                0x00009548                libsc::SysTickTimer*& std::_Mu<libsc::SysTickTimer*, false, false>::operator()<libsc::SysTickTimer*&, std::tuple<libbase::k60::SysTick*&&> >(libsc::SysTickTimer*&, std::tuple<libbase::k60::SysTick*&&>&) const volatile
 .text._ZSt12__get_helperILj0EOPN7libbase3k607SysTickEIEENSt9__add_refIT0_E4typeERSt11_Tuple_implIXT_EIS6_DpT1_EE
                0x00009564       0x18 C:\Users\kuang\git\libsccc\lib\libsccc-d-vcan-fx15dev.a(sys_tick_timer-d-vcan-fx15dev.o)
                0x00009564                std::__add_ref<libbase::k60::SysTick*&&>::type std::__get_helper<0u, libbase::k60::SysTick*&&>(std::_Tuple_impl<0u, libbase::k60::SysTick*&&>&)
                0x00009564                std::__add_ref<libbase::k60::SysTick*&&>::type std::__get_helper<0u, libbase::k60::SysTick*&&>(std::_Tuple_impl<0u, libbase::k60::SysTick*&&>&)
 .text._ZSt3getILj0EIOPN7libbase3k607SysTickEEENSt9__add_refINSt13tuple_elementIXT_ESt5tupleIIDpT0_EEE4typeEE4typeERSA_
                0x0000957c       0x1c C:\Users\kuang\git\libsccc\lib\libsccc-d-vcan-fx15dev.a(sys_tick_timer-d-vcan-fx15dev.o)
                0x0000957c                std::__add_ref<std::tuple_element<0u, std::tuple<libbase::k60::SysTick*&&> >::type>::type std::get<0u, libbase::k60::SysTick*&&>(std::tuple<libbase::k60::SysTick*&&>&)
                0x0000957c                std::__add_ref<std::tuple_element<0u, std::tuple<libbase::k60::SysTick*&&> >::type>::type std::get<0u, libbase::k60::SysTick*&&>(std::tuple<libbase::k60::SysTick*&&>&)
 .text._ZNVKSt3_MuISt12_PlaceholderILi1EELb0ELb1EEclISt5tupleIIOPN7libbase3k607SysTickEEEEENS2_6resultIFS2_S1_T_EE4typeERVKS1_RSC_
                0x00009598       0x24 C:\Users\kuang\git\libsccc\lib\libsccc-d-vcan-fx15dev.a(sys_tick_timer-d-vcan-fx15dev.o)
                0x00009598                std::_Mu<std::_Placeholder<1>, false, true>::result<std::_Mu<std::_Placeholder<1>, false, true> (std::_Placeholder<1>, std::tuple<libbase::k60::SysTick*&&>)>::type std::_Mu<std::_Placeholder<1>, false, true>::operator()<std::tuple<libbase::k60::SysTick*&&> >(std::_Placeholder<1> const volatile&, std::tuple<libbase::k60::SysTick*&&>&) const volatile
                0x00009598                std::_Mu<std::_Placeholder<1>, false, true>::result<std::_Mu<std::_Placeholder<1>, false, true> (std::_Placeholder<1>, std::tuple<libbase::k60::SysTick*&&>)>::type std::_Mu<std::_Placeholder<1>, false, true>::operator()<std::tuple<libbase::k60::SysTick*&&> >(std::_Placeholder<1> const volatile&, std::tuple<libbase::k60::SysTick*&&>&) const volatile
 .text._ZNKSt7_Mem_fnIMN5libsc12SysTickTimerEFvPN7libbase3k607SysTickEEEclIIS5_EvEEvPS1_DpOT_
                0x000095bc       0x54 C:\Users\kuang\git\libsccc\lib\libsccc-d-vcan-fx15dev.a(sys_tick_timer-d-vcan-fx15dev.o)
                0x000095bc                void std::_Mem_fn<void (libsc::SysTickTimer::*)(libbase::k60::SysTick*)>::operator()<libbase::k60::SysTick*, void>(libsc::SysTickTimer*, libbase::k60::SysTick*&&) const
                0x000095bc                void std::_Mem_fn<void (libsc::SysTickTimer::*)(libbase::k60::SysTick*)>::operator()<libbase::k60::SysTick*, void>(libsc::SysTickTimer*, libbase::k60::SysTick*&&) const
 .text._ZN5libsc12SysTickTimerD2Ev
                0x00009610       0x3c C:\Users\kuang\git\libsccc\lib\libsccc-d-vcan-fx15dev.a(sys_tick_timer-d-vcan-fx15dev.o)
                0x00009610                libsc::SysTickTimer::~SysTickTimer()
                0x00009610                libsc::SysTickTimer::~SysTickTimer()
 .text._ZN5libsc12SysTickTimerD0Ev
                0x0000964c       0x20 C:\Users\kuang\git\libsccc\lib\libsccc-d-vcan-fx15dev.a(sys_tick_timer-d-vcan-fx15dev.o)
                0x0000964c                libsc::SysTickTimer::~SysTickTimer()
 .text._ZN7libbase3k6014Mk60f15Lqfp14411GetPinCountEv
                0x0000966c       0x10 C:\Users\kuang\git\libsccc\lib\libsccc-d-vcan-fx15dev.a(mk60f15_lqfp144-d-vcan-fx15dev.o)
                0x0000966c                libbase::k60::Mk60f15Lqfp144::GetPinCount()
 .text._ZN7libbase3k6012_GLOBAL__N_18GetPinIdENS0_3Pin4NameE
                0x0000967c      0x120 C:\Users\kuang\git\libsccc\lib\libsccc-d-vcan-fx15dev.a(mk60f15_lqfp144-d-vcan-fx15dev.o)
 .text._ZN7libbase3k6014Mk60f15Lqfp144C2Ev
                0x0000979c       0x34 C:\Users\kuang\git\libsccc\lib\libsccc-d-vcan-fx15dev.a(mk60f15_lqfp144-d-vcan-fx15dev.o)
                0x0000979c                libbase::k60::Mk60f15Lqfp144::Mk60f15Lqfp144()
                0x0000979c                libbase::k60::Mk60f15Lqfp144::Mk60f15Lqfp144()
 .text._ZN7libbase3k6014Mk60f15Lqfp1447RegPin_Ej
                0x000097d0       0x9c C:\Users\kuang\git\libsccc\lib\libsccc-d-vcan-fx15dev.a(mk60f15_lqfp144-d-vcan-fx15dev.o)
                0x000097d0                libbase::k60::Mk60f15Lqfp144::RegPin_(unsigned int)
 .text._ZN7libbase3k6014Mk60f15Lqfp1447RegPin_ENS0_3Pin4NameE
                0x0000986c       0x24 C:\Users\kuang\git\libsccc\lib\libsccc-d-vcan-fx15dev.a(mk60f15_lqfp144-d-vcan-fx15dev.o)
                0x0000986c                libbase::k60::Mk60f15Lqfp144::RegPin_(libbase::k60::Pin::Name)
 .text._ZNSt6bitsetILj144EEixEj
                0x00009890       0x20 C:\Users\kuang\git\libsccc\lib\libsccc-d-vcan-fx15dev.a(mk60f15_lqfp144-d-vcan-fx15dev.o)
                0x00009890                std::bitset<144u>::operator[](unsigned int)
 .text._ZNSt6bitsetILj144EE9referenceD2Ev
                0x000098b0       0x18 C:\Users\kuang\git\libsccc\lib\libsccc-d-vcan-fx15dev.a(mk60f15_lqfp144-d-vcan-fx15dev.o)
                0x000098b0                std::bitset<144u>::reference::~reference()
                0x000098b0                std::bitset<144u>::reference::~reference()
 .text._ZNSt12_Base_bitsetILj5EE11_S_whichbitEj
                0x000098c8       0x1c C:\Users\kuang\git\libsccc\lib\libsccc-d-vcan-fx15dev.a(mk60f15_lqfp144-d-vcan-fx15dev.o)
                0x000098c8                std::_Base_bitset<5u>::_S_whichbit(unsigned int)
 .text._ZNSt12_Base_bitsetILj5EE10_S_maskbitEj
                0x000098e4       0x20 C:\Users\kuang\git\libsccc\lib\libsccc-d-vcan-fx15dev.a(mk60f15_lqfp144-d-vcan-fx15dev.o)
                0x000098e4                std::_Base_bitset<5u>::_S_maskbit(unsigned int)
 .text._ZNKSt6bitsetILj144EE9referencecvbEv
                0x00009904       0x30 C:\Users\kuang\git\libsccc\lib\libsccc-d-vcan-fx15dev.a(mk60f15_lqfp144-d-vcan-fx15dev.o)
                0x00009904                std::bitset<144u>::reference::operator bool() const
 .text._ZNSt6bitsetILj144EE9referenceaSEb
                0x00009934       0x54 C:\Users\kuang\git\libsccc\lib\libsccc-d-vcan-fx15dev.a(mk60f15_lqfp144-d-vcan-fx15dev.o)
                0x00009934                std::bitset<144u>::reference::operator=(bool)
 .text._ZNSt6bitsetILj144EE9referenceC2ERS0_j
                0x00009988       0x34 C:\Users\kuang\git\libsccc\lib\libsccc-d-vcan-fx15dev.a(mk60f15_lqfp144-d-vcan-fx15dev.o)
                0x00009988                std::bitset<144u>::reference::reference(std::bitset<144u>&, unsigned int)
                0x00009988                std::bitset<144u>::reference::reference(std::bitset<144u>&, unsigned int)
 .text._ZNSt12_Base_bitsetILj5EE12_S_whichwordEj
                0x000099bc       0x18 C:\Users\kuang\git\libsccc\lib\libsccc-d-vcan-fx15dev.a(mk60f15_lqfp144-d-vcan-fx15dev.o)
                0x000099bc                std::_Base_bitset<5u>::_S_whichword(unsigned int)
 .text._ZNSt12_Base_bitsetILj5EE10_M_getwordEj
                0x000099d4       0x20 C:\Users\kuang\git\libsccc\lib\libsccc-d-vcan-fx15dev.a(mk60f15_lqfp144-d-vcan-fx15dev.o)
                0x000099d4                std::_Base_bitset<5u>::_M_getword(unsigned int)
 .text._ZN7libbase3k6010ClockUtils12GetCoreClockEv
                0x000099f4       0x18 C:\Users\kuang\git\libsccc\lib\libsccc-d-vcan-fx15dev.a(clock_utils-d-vcan-fx15dev.o)
                0x000099f4                libbase::k60::ClockUtils::GetCoreClock()
 .text._ZN7libbase3k6010ClockUtils15GetCoreClockKhzEv
                0x00009a0c       0x54 C:\Users\kuang\git\libsccc\lib\libsccc-d-vcan-fx15dev.a(clock_utils-d-vcan-fx15dev.o)
                0x00009a0c                libbase::k60::ClockUtils::GetCoreClockKhz()
 .text._ZN7libbase3k6010ClockUtils15GetCoreClockMhzEv
                0x00009a60       0x54 C:\Users\kuang\git\libsccc\lib\libsccc-d-vcan-fx15dev.a(clock_utils-d-vcan-fx15dev.o)
                0x00009a60                libbase::k60::ClockUtils::GetCoreClockMhz()
 .text._ZNK7libbase3k607SysTickcvbEv
                0x00009ab4       0x18 C:\Users\kuang\git\libsccc\lib\libsccc-d-vcan-fx15dev.a(sys_tick-d-vcan-fx15dev.o)
                0x00009ab4                libbase::k60::SysTick::operator bool() const
 .text._ZN7libbase3k6012_GLOBAL__N_117ConsumeInterrupt_Ev
                0x00009acc       0x2c C:\Users\kuang\git\libsccc\lib\libsccc-d-vcan-fx15dev.a(sys_tick-d-vcan-fx15dev.o)
 .text._ZN7libbase3k607SysTickC2ERKNS1_6ConfigE
                0x00009af8       0x90 C:\Users\kuang\git\libsccc\lib\libsccc-d-vcan-fx15dev.a(sys_tick-d-vcan-fx15dev.o)
                0x00009af8                libbase::k60::SysTick::SysTick(libbase::k60::SysTick::Config const&)
                0x00009af8                libbase::k60::SysTick::SysTick(libbase::k60::SysTick::Config const&)
 .text._ZN7libbase3k607SysTickD2Ev
                0x00009b88       0x20 C:\Users\kuang\git\libsccc\lib\libsccc-d-vcan-fx15dev.a(sys_tick-d-vcan-fx15dev.o)
                0x00009b88                libbase::k60::SysTick::~SysTick()
                0x00009b88                libbase::k60::SysTick::~SysTick()
 .text._ZN7libbase3k607SysTick10InitCsrRegERKNS1_6ConfigE
                0x00009ba8       0x2c C:\Users\kuang\git\libsccc\lib\libsccc-d-vcan-fx15dev.a(sys_tick-d-vcan-fx15dev.o)
                0x00009ba8                libbase::k60::SysTick::InitCsrReg(libbase::k60::SysTick::Config const&)
 .text._ZN7libbase3k607SysTick6SetIsrERKSt8functionIFvPS1_EE
                0x00009bd4       0x60 C:\Users\kuang\git\libsccc\lib\libsccc-d-vcan-fx15dev.a(sys_tick-d-vcan-fx15dev.o)
                0x00009bd4                libbase::k60::SysTick::SetIsr(std::function<void (libbase::k60::SysTick*)> const&)
 .text._ZN7libbase3k607SysTick6UninitEv
                0x00009c34       0x50 C:\Users\kuang\git\libsccc\lib\libsccc-d-vcan-fx15dev.a(sys_tick-d-vcan-fx15dev.o)
                0x00009c34                libbase::k60::SysTick::Uninit()